Microchip MPLAB XC8 Compiler V2.32

Linker command line:

-W-3 --edf=C:\Program Files\Microchip\xc8\v2.32\pic\dat\en_msgs.txt -cn \
  -h+dist/default/debug\final-project-tues-merrill-yi-wei.X.debug.sym \
  --cmf=dist/default/debug\final-project-tues-merrill-yi-wei.X.debug.cmf -z \
  -w9 --disl=596:off -Q18F67K40 \
  -oC:\Users\merri\AppData\Local\Temp\xcAsfhc.4 --defsym=__MPLAB_BUILD=1 \
  -Mdist/default/debug/final-project-tues-merrill-yi-wei.X.debug.map -E1 \
  -ver=XC8 Compiler --acfsm=1493 -ACODE=00h-01FFFFh -ACONST=00h-01FFFFh \
  -ASMALLCONST=0E00h-0EFFhx498 -AMEDIUMCONST=0E00h-0FFFFh,010E00h-01FFFFh \
  -ACOMRAM=01h-05Fh -AABS1=00h-0DE9h -ABIGRAM=01h-0DE9h \
  -ARAM=060h-0FFh,0100h-01FFhx12,0D00h-0DE9h -ABANK0=060h-0FFh \
  -ABANK1=0100h-01FFh -ABANK2=0200h-02FFh -ABANK3=0300h-03FFh \
  -ABANK4=0400h-04FFh -ABANK5=0500h-05FFh -ABANK6=0600h-06FFh \
  -ABANK7=0700h-07FFh -ABANK8=0800h-08FFh -ABANK9=0900h-09FFh \
  -ABANK10=0A00h-0AFFh -ABANK11=0B00h-0BFFh -ABANK12=0C00h-0CFFh \
  -ABANK13=0D00h-0DE9h \
  -ASFR=0DEFh-0DFFh,0E00h-0EFFh,0F00h-0F5Fh,0F60h-0FFFh \
  -ACONFIG=0300000h-030000Bh -AIDLOC=0200000h-020000Fh \
  -AEEDATA=0310000h-03103FFh -peeprom_data=EEDATA \
  -preset_vec=00h,intcode,intcodelo,powerup,init -pramtop=0E00h \
  -psmallconst=SMALLCONST -pmediumconst=MEDIUMCONST -pconst=CONST \
  -AFARRAM=00h-00h \
  -prdata=COMRAM,nvrram=COMRAM,nvbit=COMRAM,rbss=COMRAM,rbit=COMRAM \
  -pfarbss=FARRAM,fardata=FARRAM,nvFARRAM=FARRAM \
  -pintsave_regs=BIGRAM,bigbss=BIGRAM,bigdata=BIGRAM -pbss=RAM \
  -pidata=CODE,irdata=CODE,ibigdata=CODE,ifardata=CODE \
  C:\Users\merri\AppData\Local\Temp\xcAsfhc.o \
  dist/default/debug\final-project-tues-merrill-yi-wei.X.debug.o 

Object code version is 3.11

Machine type is 18F67K40



                Name                               Link     Load   Length Selector   Space Scale
C:\Users\merri\AppData\Local\Temp\xcAsfhc.o
                idloc                            200000   200000       10        0       5
                config                           300000   300000        C        0       4
                init                                 6E       6E        4        0       0
dist/default/debug\final-project-tues-merrill-yi-wei.X.debug.o
                intcode                               0        0       6E        0       0
                idloc                            200000   200000       10        0       5
                config                           300000   300000        C        0       4
                temp                                 5A       5A        1        1       1
                smallconst                          E00      E00       48      700       0
                text45                             397A     397A       2C      724       0
                text44                             39FA     39FA       2A      724       0
                text43                             3ABE     3ABE       18      724       0
                text41                             3AE2     3AE2        C      724       0
                text40                             39D0     39D0       2A      724       0
                text39                             394A     394A       30      724       0
                text38                             3A24     3A24       28      724       0
                text37                             3828     3828       42      724       0
                text36                             3B02     3B02        A      724       0
                text35                             3AF8     3AF8        A      724       0
                text34                             3AEE     3AEE        A      724       0
                text33                             3AD6     3AD6        C      724       0
                text32                             3752     3752       50      724       0
                text31                             3702     3702       50      724       0
                text30                             36B2     36B2       50      724       0
                text29                             3662     3662       50      724       0
                text28                             35AE     35AE       62      724       0
                text27                             39A6     39A6       2A      724       0
                text26                             3A6C     3A6C       20      724       0
                text25                             3916     3916       34      724       0
                text24                             2326     2326      39A      724       0
                text23                             1EFC     1EFC      42A      724       0
                text22                             2FF8     2FF8      106      724       0
                text21                             2B58     2B58      1B4      724       0
                text20                             30FE     30FE      104      724       0
                text19                             3392     3392       7A      724       0
                text18                              E48      E48      BC6      724       0
                text17                             37E6     37E6       42      724       0
                text16                             3A4C     3A4C       20      724       0
                text15                             354C     354C       62      724       0
                text14                             3AA6     3AA6       18      724       0
                text13                             3A8C     3A8C       1A      724       0
                text12                             2D0C     2D0C      188      724       0
                text11                             2E94     2E94      164      724       0
                text10                             386A     386A       40      724       0
                text9                              3B0C     3B0C        2      724       0
                text8                              3202     3202       CA      724       0
                text7                              37A2     37A2       44      724       0
                text6                              38E0     38E0       36      724       0
                text5                              32CC     32CC       C6      724       0
                text4                              26C0     26C0      2E4      724       0
                text3                              29A4     29A4      1B4      724       0
                text2                              34EA     34EA       62      724       0
                text1                              3610     3610       52      724       0
                text0                              1A0E     1A0E      4EE      724       0
                cstackCOMRAM                          1        1       55        1       1
                cstackBANK0                          60       60       1A       60       1
                cstackBANK2                         200      200       82      200       1
                dataBANK2                           282      282       36      200       1
                dataBANK1                           172      172       6C      100       1
                bssBANK1                            100      100       72      100       1
                bssBANK0                             7A       7A        8       60       1
                bssCOMRAM                            56       56        4        1       1
                cinit                              340C     340C       72      724       0
                idataBANK2                         38AA     38AA       36      724       0
                idataBANK1                         347E     347E       6C      724       0

TOTAL           Name                               Link     Load   Length     Space
        CLASS   CODE           
                intcode                               0        0       6E         0
                init                                 6E       6E        4         0
                text45                             397A     397A       2C         0
                text44                             39FA     39FA       2A         0
                text43                             3ABE     3ABE       18         0
                text41                             3AE2     3AE2        C         0
                text40                             39D0     39D0       2A         0
                text39                             394A     394A       30         0
                text38                             3A24     3A24       28         0
                text37                             3828     3828       42         0
                text36                             3B02     3B02        A         0
                text35                             3AF8     3AF8        A         0
                text34                             3AEE     3AEE        A         0
                text33                             3AD6     3AD6        C         0
                text32                             3752     3752       50         0
                text31                             3702     3702       50         0
                text30                             36B2     36B2       50         0
                text29                             3662     3662       50         0
                text28                             35AE     35AE       62         0
                text27                             39A6     39A6       2A         0
                text26                             3A6C     3A6C       20         0
                text25                             3916     3916       34         0
                text24                             2326     2326      39A         0
                text23                             1EFC     1EFC      42A         0
                text22                             2FF8     2FF8      106         0
                text21                             2B58     2B58      1B4         0
                text20                             30FE     30FE      104         0
                text19                             3392     3392       7A         0
                text18                              E48      E48      BC6         0
                text17                             37E6     37E6       42         0
                text16                             3A4C     3A4C       20         0
                text15                             354C     354C       62         0
                text14                             3AA6     3AA6       18         0
                text13                             3A8C     3A8C       1A         0
                text12                             2D0C     2D0C      188         0
                text11                             2E94     2E94      164         0
                text10                             386A     386A       40         0
                text9                              3B0C     3B0C        2         0
                text8                              3202     3202       CA         0
                text7                              37A2     37A2       44         0
                text6                              38E0     38E0       36         0
                text5                              32CC     32CC       C6         0
                text4                              26C0     26C0      2E4         0
                text3                              29A4     29A4      1B4         0
                text2                              34EA     34EA       62         0
                text1                              3610     3610       52         0
                text0                              1A0E     1A0E      4EE         0
                cinit                              340C     340C       72         0
                idataBANK2                         38AA     38AA       36         0
                idataBANK1                         347E     347E       6C         0

        CLASS   CONST          

        CLASS   SMALLCONST     
                smallconst                          E00      E00       48         0

        CLASS   MEDIUMCONST    

        CLASS   COMRAM         
                temp                                 5A       5A        1         1
                cstackCOMRAM                          1        1       55         1
                bssCOMRAM                            56       56        4         1

        CLASS   ABS1           

        CLASS   BIGRAM         

        CLASS   RAM            

        CLASS   BANK0          
                cstackBANK0                          60       60       1A         1
                bssBANK0                             7A       7A        8         1

        CLASS   BANK1          
                dataBANK1                           172      172       6C         1
                bssBANK1                            100      100       72         1

        CLASS   BANK2          
                cstackBANK2                         200      200       82         1
                dataBANK2                           282      282       36         1

        CLASS   BANK3          

        CLASS   BANK4          

        CLASS   BANK5          

        CLASS   BANK6          

        CLASS   BANK7          

        CLASS   BANK8          

        CLASS   BANK9          

        CLASS   BANK10         

        CLASS   BANK11         

        CLASS   BANK12         

        CLASS   BANK13         

        CLASS   SFR            

        CLASS   CONFIG         
                config                           300000   300000        C         4

        CLASS   IDLOC          
                idloc                            200000   200000       10         5

        CLASS   EEDATA         

        CLASS   FARRAM         

        CLASS   STACK          



SEGMENTS        Name                           Load    Length   Top    Selector   Space  Class

                reset_vec                      000000  000072  000072         0       0  CODE    
                cstackCOMRAM                   000001  00005A  00005B         1       1  COMRAM  
                cstackBANK0                    000060  000022  000082        60       1  BANK0   
                bssBANK1                       000100  0000DE  0001DE       100       1  BANK1   
                cstackBANK2                    000200  0000B8  0002B8       200       1  BANK2   
                smallconst                     000E00  000048  000E48       700       0  SMALLCON
                text18                         000E48  002CC6  003B0E       724       0  CODE    


UNUSED ADDRESS RANGES

        Name                Unused          Largest block    Delta
        BANK0            000082-0000FF               7E
        BANK1            0001DE-0001FF               22
        BANK10           000A00-000AFF              100
        BANK11           000B00-000BFF              100
        BANK12           000C00-000CFF              100
        BANK13           000D00-000DE9               EA
        BANK2            0002B8-0002FF               48
        BANK3            000300-0003FF              100
        BANK4            000400-0004FF              100
        BANK5            000500-0005FF              100
        BANK6            000600-0006FF              100
        BANK7            000700-0007FF              100
        BANK8            000800-0008FF              100
        BANK9            000900-0009FF              100
        BIGRAM           00005B-00005F                5
                         000082-0000FF               7E
                         0001DE-0001FF               22
                         0002B8-000DE9              B32
        CODE             000072-000DFF              D8E
                         003B0E-01FFFF            1C4F2
        COMRAM           00005B-00005F                5
        CONST            000072-000DFF              D8E
                         003B0E-01FFFF            1C4F2
        EEDATA           310000-3103FF              400
        MEDIUMCONST      003B0E-00FFFF             C4F2
                         010E00-01FFFF             F200
        RAM              000082-0000FF               7E
                         0001DE-0001FF               22
                         0002B8-000DE9              100
        SFR              000DEF-000FFF              100
        SMALLCONST       003B0E-01FFFF              100

                                  Symbol Table

?___aodiv                       cstackCOMRAM 000005
?___aomod                       cstackCOMRAM 000005
?___fldiv                       cstackCOMRAM 000013
?___flmul                       cstackCOMRAM 00002C
?___fltol                       cstackCOMRAM 000045
?___xxtofl                      cstackCOMRAM 000005
?_abs                           cstackCOMRAM 000017
?_calibrateA                    cstackCOMRAM 000001
?_color_read_Blue               cstackCOMRAM 000009
?_color_read_Clear              cstackCOMRAM 000009
?_color_read_Green              cstackCOMRAM 000009
?_color_read_Red                cstackCOMRAM 000009
?_determine_color_new           cstackCOMRAM 00004F
?_dtoa                          cstackCOMRAM 000020
?_isbtw                         cstackCOMRAM 000013
?_pad                           cstackCOMRAM 000015
?_sprintf                       cstackBANK0  000066
?_strlen                        cstackCOMRAM 000005
?_vfpfcnvrt                     cstackCOMRAM 000044
?_vfprintf                      cstackBANK0  000060
I2C_2_Master_Read@ack           cstackCOMRAM 000007
I2C_2_Master_Read@tmp           cstackCOMRAM 000008
I2C_2_Master_Write@data_byte    cstackCOMRAM 000006
TxBufferedString@string         cstackCOMRAM 000006
_ANSELDbits                     (abs)        000EA7
_ANSELFbits                     (abs)        000EB4
_BAUD4CONbits                   (abs)        000EE9
_EUSART4RXbuf                   bssBANK1     00013C
_EUSART4TXbuf                   bssBANK1     000100
_HighISR                        intcode      000000
_I2C_2_Master_Idle              text38       003A24
_I2C_2_Master_Init              text27       0039A6
_I2C_2_Master_Read              text37       003828
_I2C_2_Master_RepStart          text36       003B02
_I2C_2_Master_Start             text35       003AF8
_I2C_2_Master_Stop              text34       003AEE
_I2C_2_Master_Write             text33       003AD6
_INTCONbits                     (abs)        000FF2
_Interrupts_init                text41       003AE2
_LATAbits                       (abs)        000F79
_LATCbits                       (abs)        000F7B
_LATDbits                       (abs)        000F7C
_LATE                           (abs)        000F7D
_LATEbits                       (abs)        000F7D
_LATFbits                       (abs)        000F7E
_LATG                           (abs)        000F7F
_LATGbits                       (abs)        000F7F
_LATHbits                       (abs)        000F80
_PIE4bits                       (abs)        000E2D
_PIR4bits                       (abs)        000E37
_PORTFbits                      (abs)        000F8E
_PWM6CONbits                    (abs)        000FA4
_PWM6DCH                        (abs)        000FA3
_PWM7CONbits                    (abs)        000FA1
_PWM7DCH                        (abs)        000FA0
_RC0PPS                         (abs)        000E62
_RC4REG                         (abs)        000EE3
_RC4STAbits                     (abs)        000EE7
_RC7PPS                         (abs)        000E69
_RD5PPS                         (abs)        000E6F
_RD6PPS                         (abs)        000E70
_RE2PPS                         (abs)        000E74
_RX4PPS                         (abs)        000E15
_RxBufReadCnt                   bssCOMRAM    000058
_RxBufWriteCnt                  bssCOMRAM    000059
_SP4BRGH                        (abs)        000EE6
_SP4BRGL                        (abs)        000EE5
_SSP2ADD                        (abs)        000ED6
_SSP2BUF                        (abs)        000ED5
_SSP2CLKPPS                     (abs)        000E1C
_SSP2CON1bits                   (abs)        000ED9
_SSP2CON2                       (abs)        000EDA
_SSP2CON2bits                   (abs)        000EDA
_SSP2DATPPS                     (abs)        000E1D
_SSP2STAT                       (abs)        000ED8
_T2CLKCONbits                   (abs)        000FBF
_T2CONbits                      (abs)        000FBD
_T2HLTbits                      (abs)        000FBE
_T2PR                           (abs)        000FBC
_TRISAbits                      (abs)        000F81
_TRISCbits                      (abs)        000F83
_TRISDbits                      (abs)        000F84
_TRISEbits                      (abs)        000F85
_TRISFbits                      (abs)        000F86
_TRISGbits                      (abs)        000F87
_TRISHbits                      (abs)        000F88
_TX4REG                         (abs)        000EE4
_TX4STAbits                     (abs)        000EE8
_TxBufReadCnt                   bssCOMRAM    000056
_TxBufWriteCnt                  bssCOMRAM    000057
_TxBufferedString               text39       00394A
__HRAM                          (abs)        000000
__Habs1                         abs1         000000
__Hbank0                        bank0        000000
__Hbank1                        bank1        000000
__Hbank10                       bank10       000000
__Hbank11                       bank11       000000
__Hbank12                       bank12       000000
__Hbank13                       bank13       000000
__Hbank2                        bank2        000000
__Hbank3                        bank3        000000
__Hbank4                        bank4        000000
__Hbank5                        bank5        000000
__Hbank6                        bank6        000000
__Hbank7                        bank7        000000
__Hbank8                        bank8        000000
__Hbank9                        bank9        000000
__Hbigbss                       bigbss       000000
__Hbigdata                      bigdata      000000
__Hbigram                       bigram       000000
__Hbss                          bss          000000
__HbssBANK0                     bssBANK0     000000
__HbssBANK1                     bssBANK1     000000
__HbssCOMRAM                    bssCOMRAM    000000
__Hcinit                        cinit        000000
__Hclrtext                      clrtext      000000
__Hcomram                       comram       000000
__Hconfig                       config       30000C
__Hconst                        const        000000
__HcstackBANK0                  cstackBANK0  000000
__HcstackBANK2                  cstackBANK2  000000
__HcstackCOMRAM                 cstackCOMRAM 000000
__Hdata                         data         000000
__HdataBANK1                    dataBANK1    000000
__HdataBANK2                    dataBANK2    000000
__Heeprom_data                  eeprom_data  000000
__Hfarbss                       farbss       000000
__Hfardata                      fardata      000000
__Hibigdata                     ibigdata     000000
__Hidata                        idata        000000
__HidataBANK1                   idataBANK1   000000
__HidataBANK2                   idataBANK2   000000
__Hidloc                        idloc        200010
__Hifardata                     ifardata     000000
__Hinit                         init         000072
__Hintcode                      intcode      00006E
__Hintcode_body                 intcode_body 000000
__Hintcodelo                    intcodelo    00006E
__Hintentry                     intentry     000000
__Hintret                       intret       000000
__Hintsave_regs                 intsave_regs 000000
__Hirdata                       irdata       000000
__Hmediumconst                  mediumconst  000000
__HnvFARRAM                     nvFARRAM     000000
__Hnvbit                        nvbit        000000
__Hnvrram                       nvrram       000000
__Hparam                        rparam       000000
__Hpowerup                      powerup      00006E
__Hram                          ram          000000
__Hramtop                       ramtop       000E00
__Hrbit                         rbit         000000
__Hrbss                         rbss         000000
__Hrdata                        rdata        000000
__Hreset_vec                    reset_vec    000000
__Hrparam                       rparam       000000
__Hsfr                          sfr          000000
__Hsmallconst                   smallconst   000E48
__Hspace_0                      (abs)        003B0E
__Hspace_1                      (abs)        0002B8
__Hspace_2                      (abs)        000000
__Hspace_4                      (abs)        60000C
__Hstack                        stack        000000
__Hstruct                       struct       000000
__Htemp                         temp         00005B
__Htext                         text         000000
__Htext0                        text0        000000
__Htext1                        text1        000000
__Htext10                       text10       000000
__Htext11                       text11       000000
__Htext12                       text12       000000
__Htext13                       text13       000000
__Htext14                       text14       000000
__Htext15                       text15       000000
__Htext16                       text16       000000
__Htext17                       text17       000000
__Htext18                       text18       000000
__Htext19                       text19       000000
__Htext2                        text2        000000
__Htext20                       text20       000000
__Htext21                       text21       000000
__Htext22                       text22       000000
__Htext23                       text23       000000
__Htext24                       text24       000000
__Htext25                       text25       000000
__Htext26                       text26       000000
__Htext27                       text27       000000
__Htext28                       text28       000000
__Htext29                       text29       000000
__Htext3                        text3        000000
__Htext30                       text30       000000
__Htext31                       text31       000000
__Htext32                       text32       000000
__Htext33                       text33       000000
__Htext34                       text34       000000
__Htext35                       text35       000000
__Htext36                       text36       000000
__Htext37                       text37       000000
__Htext38                       text38       000000
__Htext39                       text39       000000
__Htext4                        text4        000000
__Htext40                       text40       000000
__Htext41                       text41       000000
__Htext43                       text43       000000
__Htext44                       text44       000000
__Htext45                       text45       000000
__Htext5                        text5        000000
__Htext6                        text6        000000
__Htext7                        text7        000000
__Htext8                        text8        000000
__Htext9                        text9        000000
__LRAM                          (abs)        000001
__Labs1                         abs1         000000
__Lbank0                        bank0        000000
__Lbank1                        bank1        000000
__Lbank10                       bank10       000000
__Lbank11                       bank11       000000
__Lbank12                       bank12       000000
__Lbank13                       bank13       000000
__Lbank2                        bank2        000000
__Lbank3                        bank3        000000
__Lbank4                        bank4        000000
__Lbank5                        bank5        000000
__Lbank6                        bank6        000000
__Lbank7                        bank7        000000
__Lbank8                        bank8        000000
__Lbank9                        bank9        000000
__Lbigbss                       bigbss       000000
__Lbigdata                      bigdata      000000
__Lbigram                       bigram       000000
__Lbss                          bss          000000
__LbssBANK0                     bssBANK0     000000
__LbssBANK1                     bssBANK1     000000
__LbssCOMRAM                    bssCOMRAM    000000
__Lcinit                        cinit        000000
__Lclrtext                      clrtext      000000
__Lcomram                       comram       000000
__Lconfig                       config       000000
__Lconst                        const        000000
__LcstackBANK0                  cstackBANK0  000000
__LcstackBANK2                  cstackBANK2  000000
__LcstackCOMRAM                 cstackCOMRAM 000000
__Ldata                         data         000000
__LdataBANK1                    dataBANK1    000000
__LdataBANK2                    dataBANK2    000000
__Leeprom_data                  eeprom_data  000000
__Lfarbss                       farbss       000000
__Lfardata                      fardata      000000
__Libigdata                     ibigdata     000000
__Lidata                        idata        000000
__LidataBANK1                   idataBANK1   000000
__LidataBANK2                   idataBANK2   000000
__Lidloc                        idloc        000000
__Lifardata                     ifardata     000000
__Linit                         init         00006E
__Lintcode                      intcode      000000
__Lintcode_body                 intcode_body 000000
__Lintcodelo                    intcodelo    00006E
__Lintentry                     intentry     000000
__Lintret                       intret       000000
__Lintsave_regs                 intsave_regs 000000
__Lirdata                       irdata       000000
__Lmediumconst                  mediumconst  000000
__LnvFARRAM                     nvFARRAM     000000
__Lnvbit                        nvbit        000000
__Lnvrram                       nvrram       000000
__Lparam                        rparam       000000
__Lpowerup                      powerup      00006E
__Lram                          ram          000000
__Lramtop                       ramtop       000E00
__Lrbit                         rbit         000000
__Lrbss                         rbss         000000
__Lrdata                        rdata        000000
__Lreset_vec                    reset_vec    000000
__Lrparam                       rparam       000000
__Lsfr                          sfr          000000
__Lsmallconst                   smallconst   000E00
__Lspace_0                      (abs)        000000
__Lspace_1                      (abs)        000000
__Lspace_2                      (abs)        000000
__Lspace_4                      (abs)        000000
__Lstack                        stack        000000
__Lstruct                       struct       000000
__Ltemp                         temp         00005A
__Ltext                         text         000000
__Ltext0                        text0        000000
__Ltext1                        text1        000000
__Ltext10                       text10       000000
__Ltext11                       text11       000000
__Ltext12                       text12       000000
__Ltext13                       text13       000000
__Ltext14                       text14       000000
__Ltext15                       text15       000000
__Ltext16                       text16       000000
__Ltext17                       text17       000000
__Ltext18                       text18       000000
__Ltext19                       text19       000000
__Ltext2                        text2        000000
__Ltext20                       text20       000000
__Ltext21                       text21       000000
__Ltext22                       text22       000000
__Ltext23                       text23       000000
__Ltext24                       text24       000000
__Ltext25                       text25       000000
__Ltext26                       text26       000000
__Ltext27                       text27       000000
__Ltext28                       text28       000000
__Ltext29                       text29       000000
__Ltext3                        text3        000000
__Ltext30                       text30       000000
__Ltext31                       text31       000000
__Ltext32                       text32       000000
__Ltext33                       text33       000000
__Ltext34                       text34       000000
__Ltext35                       text35       000000
__Ltext36                       text36       000000
__Ltext37                       text37       000000
__Ltext38                       text38       000000
__Ltext39                       text39       000000
__Ltext4                        text4        000000
__Ltext40                       text40       000000
__Ltext41                       text41       000000
__Ltext43                       text43       000000
__Ltext44                       text44       000000
__Ltext45                       text45       000000
__Ltext5                        text5        000000
__Ltext6                        text6        000000
__Ltext7                        text7        000000
__Ltext8                        text8        000000
__Ltext9                        text9        000000
__S0                            (abs)        003B0E
__S1                            (abs)        0002B8
__S4                            (abs)        000000
__S5                            (abs)        000000
___aodiv                        text12       002D0C
___aodiv@counter                cstackCOMRAM 000015
___aodiv@dividend               cstackCOMRAM 000005
___aodiv@divisor                cstackCOMRAM 00000D
___aodiv@quotient               cstackCOMRAM 000017
___aodiv@sign                   cstackCOMRAM 000016
___aomod                        text11       002E94
___aomod@counter                cstackCOMRAM 000015
___aomod@dividend               cstackCOMRAM 000005
___aomod@divisor                cstackCOMRAM 00000D
___aomod@sign                   cstackCOMRAM 000016
___fldiv                        text24       002326
___fldiv@a                      cstackCOMRAM 000017
___fldiv@aexp                   cstackCOMRAM 00002B
___fldiv@b                      cstackCOMRAM 000013
___fldiv@bexp                   cstackCOMRAM 00002A
___fldiv@grs                    cstackCOMRAM 000026
___fldiv@new_exp                cstackCOMRAM 000024
___fldiv@rem                    cstackCOMRAM 00001F
___fldiv@sign                   cstackCOMRAM 000023
___flge                         text20       0030FE
___flge@ff1                     cstackCOMRAM 000005
___flge@ff2                     cstackCOMRAM 000009
___flmul                        text23       001EFC
___flmul@a                      cstackCOMRAM 000030
___flmul@aexp                   cstackCOMRAM 000039
___flmul@b                      cstackCOMRAM 00002C
___flmul@bexp                   cstackCOMRAM 00003E
___flmul@grs                    cstackCOMRAM 00003A
___flmul@prod                   cstackCOMRAM 00003F
___flmul@sign                   cstackCOMRAM 000038
___flmul@temp                   cstackCOMRAM 000043
___fltol                        text22       002FF8
___fltol@exp1                   cstackCOMRAM 00004E
___fltol@f1                     cstackCOMRAM 000045
___fltol@sign1                  cstackCOMRAM 00004D
___inthi_sp                     stack        000000
___intlo_sp                     stack        000000
___param_bank                   (abs)        000000
___rparam_used                  (abs)        000001
___sp                           stack        000000
___xxtofl                       text21       002B58
___xxtofl@arg                   cstackCOMRAM 00000F
___xxtofl@exp                   cstackCOMRAM 00000E
___xxtofl@sign                  cstackCOMRAM 00000D
___xxtofl@val                   cstackCOMRAM 000005
__accesstop                     (abs)        000060
__activetblptr                  (abs)        000001
__end_of_HighISR                intcode      00006E
__end_of_I2C_2_Master_Idle      text38       003A4C
__end_of_I2C_2_Master_Init      text27       0039D0
__end_of_I2C_2_Master_Read      text37       00386A
__end_of_I2C_2_Master_RepStart  text36       003B0C
__end_of_I2C_2_Master_Start     text35       003B02
__end_of_I2C_2_Master_Stop      text34       003AF8
__end_of_I2C_2_Master_Write     text33       003AE2
__end_of_Interrupts_init        text41       003AEE
__end_of_TxBufferedString       text39       00397A
__end_of___aodiv                text12       002E94
__end_of___aomod                text11       002FF8
__end_of___fldiv                text24       0026C0
__end_of___flge                 text20       003202
__end_of___flmul                text23       002326
__end_of___fltol                text22       0030FE
__end_of___xxtofl               text21       002D0C
__end_of__initialization        cinit        00346C
__end_of_abs                    text10       0038AA
__end_of_calibrateW             text28       003610
__end_of_color_click_init       text25       00394A
__end_of_color_read_Blue        text32       0037A2
__end_of_color_read_Clear       text31       003752
__end_of_color_read_Green       text30       003702
__end_of_color_read_Red         text29       0036B2
__end_of_color_writetoaddr      text26       003A8C
__end_of_determine_color_new    text18       001A0E
__end_of_dtoa                   text4        0029A4
__end_of_fputc                  text8        0032CC
__end_of_fputs                  text7        0037E6
__end_of_getCharFromTxBuf       text45       0039A6
__end_of_initDCmotorsPWM        text17       003828
__end_of_initUSART4             text16       003A6C
__end_of_isDataInTxBuf          text14       003ABE
__end_of_isbtw                  text19       00340C
__end_of_main                   text0        001EFC
__end_of_pad                    text5        003392
__end_of_putCharToRxBuf         text44       003A24
__end_of_putCharToTxBuf         text40       0039FA
__end_of_putch                  text9        003B0E
__end_of_read_colours           text15       0035AE
__end_of_sendTxBuf              text13       003AA6
__end_of_sprintf                text1        003662
__end_of_strlen                 text6        003916
__end_of_tiny                   smallconst   000E05
__end_of_vfpfcnvrt              text3        002B58
__end_of_vfprintf               text2        00354C
__end_ofi2_isDataInTxBuf        text43       003AD6
__initialization                cinit        00340C
__mediumconst                   mediumconst  000000
__pbssBANK0                     bssBANK0     00007A
__pbssBANK1                     bssBANK1     000100
__pbssCOMRAM                    bssCOMRAM    000056
__pcinit                        cinit        00340C
__pcstackBANK0                  cstackBANK0  000060
__pcstackBANK2                  cstackBANK2  000200
__pcstackCOMRAM                 cstackCOMRAM 000001
__pdataBANK1                    dataBANK1    000172
__pdataBANK2                    dataBANK2    000282
__pidataBANK1                   idataBANK1   00347E
__pidataBANK2                   idataBANK2   0038AA
__pintcode                      intcode      000000
__psmallconst                   smallconst   000E00
__ptext0                        text0        001A0E
__ptext1                        text1        003610
__ptext10                       text10       00386A
__ptext11                       text11       002E94
__ptext12                       text12       002D0C
__ptext13                       text13       003A8C
__ptext14                       text14       003AA6
__ptext15                       text15       00354C
__ptext16                       text16       003A4C
__ptext17                       text17       0037E6
__ptext18                       text18       000E48
__ptext19                       text19       003392
__ptext2                        text2        0034EA
__ptext20                       text20       0030FE
__ptext21                       text21       002B58
__ptext22                       text22       002FF8
__ptext23                       text23       001EFC
__ptext24                       text24       002326
__ptext25                       text25       003916
__ptext26                       text26       003A6C
__ptext27                       text27       0039A6
__ptext28                       text28       0035AE
__ptext29                       text29       003662
__ptext3                        text3        0029A4
__ptext30                       text30       0036B2
__ptext31                       text31       003702
__ptext32                       text32       003752
__ptext33                       text33       003AD6
__ptext34                       text34       003AEE
__ptext35                       text35       003AF8
__ptext36                       text36       003B02
__ptext37                       text37       003828
__ptext38                       text38       003A24
__ptext39                       text39       00394A
__ptext4                        text4        0026C0
__ptext40                       text40       0039D0
__ptext41                       text41       003AE2
__ptext43                       text43       003ABE
__ptext44                       text44       0039FA
__ptext45                       text45       00397A
__ptext5                        text5        0032CC
__ptext6                        text6        0038E0
__ptext7                        text7        0037A2
__ptext8                        text8        003202
__ptext9                        text9        003B0C
__ramtop                        ramtop       000E00
__size_of_HighISR               (abs)        000000
__size_of_I2C_2_Master_Idle     (abs)        000000
__size_of_I2C_2_Master_Init     (abs)        000000
__size_of_I2C_2_Master_Read     (abs)        000000
__size_of_I2C_2_Master_RepStart (abs)        000000
__size_of_I2C_2_Master_Start    (abs)        000000
__size_of_I2C_2_Master_Stop     (abs)        000000
__size_of_I2C_2_Master_Write    (abs)        000000
__size_of_Interrupts_init       (abs)        000000
__size_of_TxBufferedString      (abs)        000000
__size_of___aodiv               (abs)        000000
__size_of___aomod               (abs)        000000
__size_of___fldiv               (abs)        000000
__size_of___flge                (abs)        000000
__size_of___flmul               (abs)        000000
__size_of___fltol               (abs)        000000
__size_of___xxtofl              (abs)        000000
__size_of_abs                   (abs)        000000
__size_of_calibrateW            (abs)        000000
__size_of_color_click_init      (abs)        000000
__size_of_color_read_Blue       (abs)        000000
__size_of_color_read_Clear      (abs)        000000
__size_of_color_read_Green      (abs)        000000
__size_of_color_read_Red        (abs)        000000
__size_of_color_writetoaddr     (abs)        000000
__size_of_determine_color_new   (abs)        000000
__size_of_dtoa                  (abs)        000000
__size_of_fputc                 (abs)        000000
__size_of_fputs                 (abs)        000000
__size_of_getCharFromTxBuf      (abs)        000000
__size_of_initDCmotorsPWM       (abs)        000000
__size_of_initUSART4            (abs)        000000
__size_of_isDataInTxBuf         (abs)        000000
__size_of_isbtw                 (abs)        000000
__size_of_main                  (abs)        000000
__size_of_pad                   (abs)        000000
__size_of_putCharToRxBuf        (abs)        000000
__size_of_putCharToTxBuf        (abs)        000000
__size_of_putch                 (abs)        000000
__size_of_read_colours          (abs)        000000
__size_of_sendTxBuf             (abs)        000000
__size_of_sprintf               (abs)        000000
__size_of_strlen                (abs)        000000
__size_of_vfpfcnvrt             (abs)        000000
__size_of_vfprintf              (abs)        000000
__size_ofi2_isDataInTxBuf       (abs)        000000
__smallconst                    smallconst   000E00
_abs                            text10       00386A
_calibrateA                                        
_calibrateW                     text28       0035AE
_color_click_init               text25       003916
_color_read_Blue                text32       003752
_color_read_Clear               text31       003702
_color_read_Green               text30       0036B2
_color_read_Red                 text29       003662
_color_writetoaddr              text26       003A6C
_dbuf                           bssBANK1     000152
_determine_color_new            text18       000E48
_dtoa                           text4        0026C0
_dtoa$2272                      cstackCOMRAM 000032
_errno                          bssBANK1     000150
_flags                          bssBANK0     000080
_fputc                          text8        003202
_fputs                          text7        0037A2
_getCharFromTxBuf               text45       00397A
_initDCmotorsPWM                text17       0037E6
_initUSART4                     text16       003A4C
_isDataInTxBuf                  text14       003AA6
_isbtw                          text19       003392
_main                           text0        001A0E
_nout                           bssBANK0     00007A
_pad                            text5        0032CC
_prec                           bssBANK0     00007E
_putCharToRxBuf                 text44       0039FA
_putCharToTxBuf                 text40       0039D0
_putch                          text9        003B0C
_read_colours                   text15       00354C
_sendTxBuf                      text13       003A8C
_sprintf                        text1        003610
_strlen                         text6        0038E0
_vfpfcnvrt                      text3        0029A4
_vfprintf                       text2        0034EA
_width                          bssBANK0     00007C
abs@a                           cstackCOMRAM 000017
btemp                           temp         00005A
calibrateW@m                    cstackCOMRAM 000010
color_read_Blue@tmp             cstackCOMRAM 00000E
color_read_Clear@tmp            cstackCOMRAM 00000E
color_read_Green@tmp            cstackCOMRAM 00000E
color_read_Red@tmp              cstackCOMRAM 00000E
color_writetoaddr@address       cstackCOMRAM 000008
color_writetoaddr@value         cstackCOMRAM 000007
determine_color1@F14773         dataBANK1    0001A8
determine_color2@F14792         dataBANK1    000172
determine_color3@F14811         dataBANK2    000282
determine_color_new@BlueRatio   cstackBANK0  000066
determine_color_new@GreenRatio  cstackBANK0  000064
determine_color_new@RedRatio    cstackBANK0  000062
determine_color_new@m           cstackCOMRAM 00004F
determine_color_new@out         cstackBANK0  000060
dtoa@d                          cstackCOMRAM 000022
dtoa@fp                         cstackCOMRAM 000020
dtoa@i                          cstackCOMRAM 000042
dtoa@n                          cstackCOMRAM 00003A
dtoa@p                          cstackCOMRAM 000034
dtoa@s                          cstackCOMRAM 000038
dtoa@w                          cstackCOMRAM 000036
end_of_initialization           cinit        00346C
fputc@c                         cstackCOMRAM 000005
fputc@fp                        cstackCOMRAM 000007
fputs@c                         cstackCOMRAM 000012
fputs@fp                        cstackCOMRAM 000010
fputs@i                         cstackCOMRAM 000013
fputs@s                         cstackCOMRAM 00000E
i2_isDataInTxBuf                text43       003ABE
initDCmotorsPWM@PWMperiod       cstackCOMRAM 000005
int$flags                       temp         00005A
intlevel0                       text         000000
intlevel1                       text         000000
intlevel2                       text         000000
intlevel3                       text         000000
isa$std                         (abs)        000001
isa$xinst                       (abs)        000000
isbtw@high                      cstackCOMRAM 00001B
isbtw@low                       cstackCOMRAM 000017
isbtw@num                       cstackCOMRAM 000013
main@BlueRatio                  cstackBANK2  000254
main@GreenRatio                 cstackBANK2  000252
main@RedRatio                   cstackBANK2  000250
main@cal                        cstackBANK2  000256
main@motorL                     cstackBANK2  000258
main@motorR                     cstackBANK2  000261
main@string0                    cstackBANK2  00023C
main@string1                    cstackBANK2  000200
main@string2                    cstackBANK2  000214
main@string3                    cstackBANK2  000228
main@test                       cstackBANK2  00026A
pad@buf                         cstackCOMRAM 000017
pad@fp                          cstackCOMRAM 000015
pad@i                           cstackCOMRAM 00001C
pad@p                           cstackCOMRAM 000019
pad@w                           cstackCOMRAM 00001E
putCharToRxBuf@byte             cstackCOMRAM 000001
putCharToTxBuf@byte             cstackCOMRAM 000005
read_colours@m                  cstackCOMRAM 000010
sprintf@ap                      cstackBANK0  000070
sprintf@f                       cstackBANK0  000072
sprintf@fmt                     cstackBANK0  000068
sprintf@s                       cstackBANK0  000066
stackhi                         (abs)        000000
stacklo                         (abs)        000000
start                           init         00006E
start_initialization            cinit        00340C
strlen@a                        cstackCOMRAM 000007
strlen@s                        cstackCOMRAM 000005
ttemp5                          temp         00005B
ttemp6                          temp         00005E
ttemp7                          temp         000062
vfpfcnvrt@ap                    cstackCOMRAM 000048
vfpfcnvrt@fmt                   cstackCOMRAM 000046
vfpfcnvrt@fp                    cstackCOMRAM 000044
vfpfcnvrt@ll                    cstackCOMRAM 00004C
vfprintf@ap                     cstackBANK0  000064
vfprintf@cfmt                   cstackCOMRAM 000054
vfprintf@fmt                    cstackBANK0  000062
vfprintf@fp                     cstackBANK0  000060
wtemp8                          temp         00005B
