Microchip MPLAB XC8 Compiler V2.32

Linker command line:

-W-3 --edf=C:\Program Files\Microchip\xc8\v2.32\pic\dat\en_msgs.txt -cn \
  -h+dist/default/production\final-project-tues-merrill-yi-wei.X.production.sym \
  --cmf=dist/default/production\final-project-tues-merrill-yi-wei.X.production.cmf \
  -z -Q18F67K40 -oC:\Users\merri\AppData\Local\Temp\xcAsppk.4 \
  --defsym=__MPLAB_BUILD=1 \
  -Mdist/default/production/final-project-tues-merrill-yi-wei.X.production.map \
  -E1 -ver=XC8 Compiler --acfsm=1493 -ASTACK=01FEh-0DE9h -pstack=STACK \
  -ACODE=00h-01FFFFh -ACONST=00h-01FFFFh -ASMALLCONST=0E00h-0EFFhx498 \
  -AMEDIUMCONST=0E00h-0FFFFh,010E00h-01FFFFh -ACOMRAM=01h-05Fh \
  -AABS1=00h-0DE9h -ABIGRAM=01h-0DE9h \
  -ARAM=060h-0FFh,0100h-01FFhx12,0D00h-0DE9h -ABANK0=060h-0FFh \
  -ABANK1=0100h-01FFh -ABANK2=0200h-02FFh -ABANK3=0300h-03FFh \
  -ABANK4=0400h-04FFh -ABANK5=0500h-05FFh -ABANK6=0600h-06FFh \
  -ABANK7=0700h-07FFh -ABANK8=0800h-08FFh -ABANK9=0900h-09FFh \
  -ABANK10=0A00h-0AFFh -ABANK11=0B00h-0BFFh -ABANK12=0C00h-0CFFh \
  -ABANK13=0D00h-0DE9h \
  -ASFR=0DEFh-0DFFh,0E00h-0EFFh,0F00h-0F5Fh,0F60h-0FFFh \
  -ACONFIG=0300000h-030000Bh -AIDLOC=0200000h-020000Fh \
  -AEEDATA=0310000h-03103FFh -peeprom_data=EEDATA \
  -preset_vec=00h,intcode=08h,intcodelo,powerup,init -pramtop=0E00h \
  -psmallconst=SMALLCONST -pmediumconst=MEDIUMCONST -pconst=CONST \
  -AFARRAM=00h-00h \
  -prdata=COMRAM,nvrram=COMRAM,nvbit=COMRAM,rbss=COMRAM,rbit=COMRAM \
  -pfarbss=FARRAM,fardata=FARRAM,nvFARRAM=FARRAM \
  -pintsave_regs=BIGRAM,bigbss=BIGRAM,bigdata=BIGRAM -pbss=RAM \
  -pidata=CODE,irdata=CODE,ibigdata=CODE,ifardata=CODE -prparam=COMRAM \
  C:\Users\merri\AppData\Local\Temp\xcAsppk.o \
  dist/default/production\final-project-tues-merrill-yi-wei.X.production.o 

Object code version is 3.11

Machine type is 18F67K40



                Name                               Link     Load   Length Selector   Space Scale
C:\Users\merri\AppData\Local\Temp\xcAsppk.o
                idloc                            200000   200000       10        0       5
                config                           300000   300000        C        0       4
                init                                 76       76        4        4       0
                reset_vec                             0        0        4        0       0
dist/default/production\final-project-tues-merrill-yi-wei.X.production.o
                intcode                               8        8       6E        4       0
                idloc                            200000   200000       10        0       5
                config                           300000   300000        C        0       4
                temp                                 56       56        1        1       1
                smallconst                          E00      E00       34      700       0
                text50                             3E20     3E20       2C      71A       0
                text49                             3EA0     3EA0       2A      71A       0
                text48                             3F8A     3F8A       18      71A       0
                text46                             3FAE     3FAE        C      71A       0
                text45                             3E76     3E76       2A      71A       0
                text44                             3DF0     3DF0       30      71A       0
                text43                             1F70     1F70      42A      71A       0
                text42                             33E8     33E8      106      71A       0
                text41                             3E4C     3E4C       2A      71A       0
                text40                             3ECA     3ECA       28      71A       0
                text39                             3FCE     3FCE        A      71A       0
                text38                             3FC4     3FC4        A      71A       0
                text37                             3FA2     3FA2        C      71A       0
                text36                             3F38     3F38       20      71A       0
                text35                             3DBC     3DBC       34      71A       0
                text34                             239A     239A      39A      71A       0
                text33                             3782     3782       AA      71A       0
                text32                             34EE     34EE      104      71A       0
                text31                             1AB0     1AB0      4C0      71A       0
                text30                             3C00     3C00       46      71A       0
                text29                             2DA4     2DA4      1B4      71A       0
                text28                              E34      E34      732      71A       0
                text27                             3CCC     3CCC       42      71A       0
                text26                             3F18     3F18       20      71A       0
                text25                             3C8A     3C8A       42      71A       0
                text24                             3FBA     3FBA        A      71A       0
                text23                             3B66     3B66       50      71A       0
                text22                             3B16     3B16       50      71A       0
                text21                             3AC6     3AC6       50      71A       0
                text20                             3A76     3A76       50      71A       0
                text19                             38CE     38CE       9E      71A       0
                text18                             3F72     3F72       18      71A       0
                text17                             3F58     3F58       1A      71A       0
                text16                             3EF2     3EF2       26      71A       0
                text15                             3D4E     3D4E       38      71A       0
                text14                             3A24     3A24       52      71A       0
                text13                             2F58     2F58      1A4      71A       0
                text12                             30FC     30FC      188      71A       0
                text11                             3284     3284      164      71A       0
                text10                             3D0E     3D0E       40      71A       0
                text9                              3FD8     3FD8        2      71A       0
                text8                              35F2     35F2       CA      71A       0
                text7                              3C46     3C46       44      71A       0
                text6                              3D86     3D86       36      71A       0
                text5                              36BC     36BC       C6      71A       0
                text4                              2AC0     2AC0      2E4      71A       0
                text3                              2734     2734      38C      71A       0
                text2                              396C     396C       66      71A       0
                text1                              39D2     39D2       52      71A       0
                text0                              1566     1566      54A      71A       0
                cstackCOMRAM                          1        1       51        1       1
                cstackBANK0                          60       60       78       60       1
                dataBANK1                           100      100       A2      100       1
                bssBANK1                            1A2      1A2       5C      100       1
                bssBANK0                             D8       D8       1E       60       1
                bssCOMRAM                            52       52        4        1       1
                cinit                              3BB6     3BB6       4A      71A       0
                idataBANK1                         382C     382C       A2      71A       0

TOTAL           Name                               Link     Load   Length     Space
        CLASS   STACK          

        CLASS   CODE           
                intcode                               8        8       6E         0
                init                                 76       76        4         0
                reset_vec                             0        0        4         0
                text50                             3E20     3E20       2C         0
                text49                             3EA0     3EA0       2A         0
                text48                             3F8A     3F8A       18         0
                text46                             3FAE     3FAE        C         0
                text45                             3E76     3E76       2A         0
                text44                             3DF0     3DF0       30         0
                text43                             1F70     1F70      42A         0
                text42                             33E8     33E8      106         0
                text41                             3E4C     3E4C       2A         0
                text40                             3ECA     3ECA       28         0
                text39                             3FCE     3FCE        A         0
                text38                             3FC4     3FC4        A         0
                text37                             3FA2     3FA2        C         0
                text36                             3F38     3F38       20         0
                text35                             3DBC     3DBC       34         0
                text34                             239A     239A      39A         0
                text33                             3782     3782       AA         0
                text32                             34EE     34EE      104         0
                text31                             1AB0     1AB0      4C0         0
                text30                             3C00     3C00       46         0
                text29                             2DA4     2DA4      1B4         0
                text28                              E34      E34      732         0
                text27                             3CCC     3CCC       42         0
                text26                             3F18     3F18       20         0
                text25                             3C8A     3C8A       42         0
                text24                             3FBA     3FBA        A         0
                text23                             3B66     3B66       50         0
                text22                             3B16     3B16       50         0
                text21                             3AC6     3AC6       50         0
                text20                             3A76     3A76       50         0
                text19                             38CE     38CE       9E         0
                text18                             3F72     3F72       18         0
                text17                             3F58     3F58       1A         0
                text16                             3EF2     3EF2       26         0
                text15                             3D4E     3D4E       38         0
                text14                             3A24     3A24       52         0
                text13                             2F58     2F58      1A4         0
                text12                             30FC     30FC      188         0
                text11                             3284     3284      164         0
                text10                             3D0E     3D0E       40         0
                text9                              3FD8     3FD8        2         0
                text8                              35F2     35F2       CA         0
                text7                              3C46     3C46       44         0
                text6                              3D86     3D86       36         0
                text5                              36BC     36BC       C6         0
                text4                              2AC0     2AC0      2E4         0
                text3                              2734     2734      38C         0
                text2                              396C     396C       66         0
                text1                              39D2     39D2       52         0
                text0                              1566     1566      54A         0
                cinit                              3BB6     3BB6       4A         0
                idataBANK1                         382C     382C       A2         0

        CLASS   CONST          

        CLASS   SMALLCONST     
                smallconst                          E00      E00       34         0

        CLASS   MEDIUMCONST    

        CLASS   COMRAM         
                temp                                 56       56        1         1
                cstackCOMRAM                          1        1       51         1
                bssCOMRAM                            52       52        4         1

        CLASS   ABS1           

        CLASS   BIGRAM         

        CLASS   RAM            

        CLASS   BANK0          
                cstackBANK0                          60       60       78         1
                bssBANK0                             D8       D8       1E         1

        CLASS   BANK1          
                dataBANK1                           100      100       A2         1
                bssBANK1                            1A2      1A2       5C         1

        CLASS   BANK2          

        CLASS   BANK3          

        CLASS   BANK4          

        CLASS   BANK5          

        CLASS   BANK6          

        CLASS   BANK7          

        CLASS   BANK8          

        CLASS   BANK9          

        CLASS   BANK10         

        CLASS   BANK11         

        CLASS   BANK12         

        CLASS   BANK13         

        CLASS   SFR            

        CLASS   CONFIG         
                config                           300000   300000        C         4

        CLASS   IDLOC          
                idloc                            200000   200000       10         5

        CLASS   EEDATA         

        CLASS   FARRAM         



SEGMENTS        Name                           Load    Length   Top    Selector   Space  Class

                reset_vec                      000000  000004  000004         0       0  CODE    
                cstackCOMRAM                   000001  000056  000057         1       1  COMRAM  
                intcode                        000008  000072  00007A         4       0  CODE    
                cstackBANK0                    000060  000096  0000F6        60       1  BANK0   
                dataBANK1                      000100  0000FE  0001FE       100       1  BANK1   
                smallconst                     000E00  000034  000E34       700       0  SMALLCON
                text28                         000E34  0031A6  003FDA       71A       0  CODE    


UNUSED ADDRESS RANGES

        Name                Unused          Largest block    Delta
        BANK0            0000F6-0000FF                A
        BANK1            0001FE-0001FF                2
        BANK10           000A00-000AFF              100
        BANK11           000B00-000BFF              100
        BANK12           000C00-000CFF              100
        BANK13           000D00-000DE9               EA
        BANK2            000200-0002FF              100
        BANK3            000300-0003FF              100
        BANK4            000400-0004FF              100
        BANK5            000500-0005FF              100
        BANK6            000600-0006FF              100
        BANK7            000700-0007FF              100
        BANK8            000800-0008FF              100
        BANK9            000900-0009FF              100
        BIGRAM           000057-00005F                9
                         0000F6-0000FF                A
                         0001FE-000DE9              BEC
        CODE             000004-000007                4
                         00007A-000DFF              D86
                         003FDA-01FFFF            1C026
        COMRAM           000057-00005F                9
        CONST            000004-000007                4
                         00007A-000DFF              D86
                         003FDA-01FFFF            1C026
        EEDATA           310000-3103FF              400
        MEDIUMCONST      003FDA-00FFFF             C026
                         010E00-01FFFF             F200
        RAM              0000F6-0000FF                A
                         0001FE-000DE9              100
        SFR              000DEF-000FFF              100
        SMALLCONST       003FDA-01FFFF              100
        STACK            0001FE-000DE9              BEC

                                  Symbol Table

?___aodiv                       cstackCOMRAM 000005
?___aomod                       cstackCOMRAM 000005
?___fladd                       cstackCOMRAM 000005
?___fldiv                       cstackCOMRAM 00001E
?___flmul                       cstackCOMRAM 000005
?___flsub                       cstackCOMRAM 000037
?___fltol                       cstackCOMRAM 00003F
?___wmul                        cstackCOMRAM 000005
?___xxtofl                      cstackCOMRAM 00000B
?_abs                           cstackCOMRAM 000017
?_atoi                          cstackCOMRAM 00000C
?_color_read_Blue               cstackCOMRAM 000009
?_color_read_Clear              cstackCOMRAM 000009
?_color_read_Green              cstackCOMRAM 000009
?_color_read_Red                cstackCOMRAM 000009
?_determine_color_new           cstackCOMRAM 00003F
?_dtoa                          cstackCOMRAM 000020
?_isdigit                       cstackCOMRAM 000005
?_isspace                       cstackCOMRAM 000005
?_pad                           cstackCOMRAM 000015
?_sprintf                       cstackBANK0  000072
?_strlen                        cstackCOMRAM 000005
?_vfpfcnvrt                     cstackCOMRAM 000044
?_vfprintf                      cstackBANK0  00006C
I2C_2_Master_Read@ack           cstackCOMRAM 000007
I2C_2_Master_Read@tmp           cstackCOMRAM 000008
I2C_2_Master_Write@data_byte    cstackCOMRAM 000006
TxBufferedString@string         cstackCOMRAM 000006
_ANSELDbits                     (abs)        000EA7
_ANSELFbits                     (abs)        000EB4
_BAUD4CONbits                   (abs)        000EE9
_EUSART4RXbuf                   bssBANK0     0000D8
_EUSART4TXbuf                   bssBANK1     0001A2
_HighISR                        intcode      000008
_I2C_2_Master_Idle              text40       003ECA
_I2C_2_Master_Init              text41       003E4C
_I2C_2_Master_Read              text25       003C8A
_I2C_2_Master_RepStart          text24       003FBA
_I2C_2_Master_Start             text39       003FCE
_I2C_2_Master_Stop              text38       003FC4
_I2C_2_Master_Write             text37       003FA2
_INTCONbits                     (abs)        000FF2
_Interrupts_init                text46       003FAE
_LATAbits                       (abs)        000F79
_LATCbits                       (abs)        000F7B
_LATDbits                       (abs)        000F7C
_LATE                           (abs)        000F7D
_LATEbits                       (abs)        000F7D
_LATFbits                       (abs)        000F7E
_LATG                           (abs)        000F7F
_LATGbits                       (abs)        000F7F
_LATHbits                       (abs)        000F80
_PIE4bits                       (abs)        000E2D
_PIR4bits                       (abs)        000E37
_PORTFbits                      (abs)        000F8E
_PWM6CONbits                    (abs)        000FA4
_PWM6DCH                        (abs)        000FA3
_PWM7CONbits                    (abs)        000FA1
_PWM7DCH                        (abs)        000FA0
_RC0PPS                         (abs)        000E62
_RC4REG                         (abs)        000EE3
_RC4STAbits                     (abs)        000EE7
_RC7PPS                         (abs)        000E69
_RD5PPS                         (abs)        000E6F
_RD6PPS                         (abs)        000E70
_RE2PPS                         (abs)        000E74
_RX4PPS                         (abs)        000E15
_RxBufReadCnt                   bssCOMRAM    000054
_RxBufWriteCnt                  bssCOMRAM    000055
_SP4BRGH                        (abs)        000EE6
_SP4BRGL                        (abs)        000EE5
_SSP2ADD                        (abs)        000ED6
_SSP2BUF                        (abs)        000ED5
_SSP2CLKPPS                     (abs)        000E1C
_SSP2CON1bits                   (abs)        000ED9
_SSP2CON2                       (abs)        000EDA
_SSP2CON2bits                   (abs)        000EDA
_SSP2DATPPS                     (abs)        000E1D
_SSP2STAT                       (abs)        000ED8
_T2CLKCONbits                   (abs)        000FBF
_T2CONbits                      (abs)        000FBD
_T2HLTbits                      (abs)        000FBE
_T2PR                           (abs)        000FBC
_TRISAbits                      (abs)        000F81
_TRISCbits                      (abs)        000F83
_TRISDbits                      (abs)        000F84
_TRISEbits                      (abs)        000F85
_TRISFbits                      (abs)        000F86
_TRISGbits                      (abs)        000F87
_TRISHbits                      (abs)        000F88
_TX4REG                         (abs)        000EE4
_TX4STAbits                     (abs)        000EE8
_TxBufReadCnt                   bssCOMRAM    000052
_TxBufWriteCnt                  bssCOMRAM    000053
_TxBufferedString               text44       003DF0
__HRAM                          (abs)        000000
__Habs1                         abs1         000000
__Hbank0                        bank0        000000
__Hbank1                        bank1        000000
__Hbank10                       bank10       000000
__Hbank11                       bank11       000000
__Hbank12                       bank12       000000
__Hbank13                       bank13       000000
__Hbank2                        bank2        000000
__Hbank3                        bank3        000000
__Hbank4                        bank4        000000
__Hbank5                        bank5        000000
__Hbank6                        bank6        000000
__Hbank7                        bank7        000000
__Hbank8                        bank8        000000
__Hbank9                        bank9        000000
__Hbigbss                       bigbss       000000
__Hbigdata                      bigdata      000000
__Hbigram                       bigram       000000
__Hbss                          bss          000000
__HbssBANK0                     bssBANK0     000000
__HbssBANK1                     bssBANK1     000000
__HbssCOMRAM                    bssCOMRAM    000000
__Hcinit                        cinit        000000
__Hclrtext                      clrtext      000000
__Hcomram                       comram       000000
__Hconfig                       config       30000C
__Hconst                        const        000000
__HcstackBANK0                  cstackBANK0  000000
__HcstackCOMRAM                 cstackCOMRAM 000000
__Hdata                         data         000000
__HdataBANK1                    dataBANK1    000000
__Heeprom_data                  eeprom_data  000000
__Hfarbss                       farbss       000000
__Hfardata                      fardata      000000
__Hibigdata                     ibigdata     000000
__Hidata                        idata        000000
__HidataBANK1                   idataBANK1   000000
__Hidloc                        idloc        200010
__Hifardata                     ifardata     000000
__Hinit                         init         00007A
__Hintcode                      intcode      000076
__Hintcode_body                 intcode_body 000000
__Hintcodelo                    intcodelo    000076
__Hintentry                     intentry     000000
__Hintret                       intret       000000
__Hintsave_regs                 intsave_regs 000000
__Hirdata                       irdata       000000
__Hmediumconst                  mediumconst  000000
__HnvFARRAM                     nvFARRAM     000000
__Hnvbit                        nvbit        000000
__Hnvrram                       nvrram       000000
__Hparam                        rparam       000000
__Hpowerup                      powerup      000076
__Hram                          ram          000000
__Hramtop                       ramtop       000E00
__Hrbit                         rbit         000000
__Hrbss                         rbss         000000
__Hrdata                        rdata        000000
__Hreset_vec                    reset_vec    000004
__Hrparam                       rparam       000000
__Hsfr                          sfr          000000
__Hsmallconst                   smallconst   000E34
__Hspace_0                      (abs)        003FDA
__Hspace_1                      (abs)        0001FE
__Hspace_2                      (abs)        000000
__Hspace_4                      (abs)        60000C
__Hstack                        stack        000000
__Hstruct                       struct       000000
__Htemp                         temp         000057
__Htext                         text         000000
__Htext0                        text0        000000
__Htext1                        text1        000000
__Htext10                       text10       000000
__Htext11                       text11       000000
__Htext12                       text12       000000
__Htext13                       text13       000000
__Htext14                       text14       000000
__Htext15                       text15       000000
__Htext16                       text16       000000
__Htext17                       text17       000000
__Htext18                       text18       000000
__Htext19                       text19       000000
__Htext2                        text2        000000
__Htext20                       text20       000000
__Htext21                       text21       000000
__Htext22                       text22       000000
__Htext23                       text23       000000
__Htext24                       text24       000000
__Htext25                       text25       000000
__Htext26                       text26       000000
__Htext27                       text27       000000
__Htext28                       text28       000000
__Htext29                       text29       000000
__Htext3                        text3        000000
__Htext30                       text30       000000
__Htext31                       text31       000000
__Htext32                       text32       000000
__Htext33                       text33       000000
__Htext34                       text34       000000
__Htext35                       text35       000000
__Htext36                       text36       000000
__Htext37                       text37       000000
__Htext38                       text38       000000
__Htext39                       text39       000000
__Htext4                        text4        000000
__Htext40                       text40       000000
__Htext41                       text41       000000
__Htext42                       text42       000000
__Htext43                       text43       000000
__Htext44                       text44       000000
__Htext45                       text45       000000
__Htext46                       text46       000000
__Htext48                       text48       000000
__Htext49                       text49       000000
__Htext5                        text5        000000
__Htext50                       text50       000000
__Htext6                        text6        000000
__Htext7                        text7        000000
__Htext8                        text8        000000
__Htext9                        text9        000000
__LRAM                          (abs)        000001
__Labs1                         abs1         000000
__Lbank0                        bank0        000000
__Lbank1                        bank1        000000
__Lbank10                       bank10       000000
__Lbank11                       bank11       000000
__Lbank12                       bank12       000000
__Lbank13                       bank13       000000
__Lbank2                        bank2        000000
__Lbank3                        bank3        000000
__Lbank4                        bank4        000000
__Lbank5                        bank5        000000
__Lbank6                        bank6        000000
__Lbank7                        bank7        000000
__Lbank8                        bank8        000000
__Lbank9                        bank9        000000
__Lbigbss                       bigbss       000000
__Lbigdata                      bigdata      000000
__Lbigram                       bigram       000000
__Lbss                          bss          000000
__LbssBANK0                     bssBANK0     000000
__LbssBANK1                     bssBANK1     000000
__LbssCOMRAM                    bssCOMRAM    000000
__Lcinit                        cinit        000000
__Lclrtext                      clrtext      000000
__Lcomram                       comram       000000
__Lconfig                       config       000000
__Lconst                        const        000000
__LcstackBANK0                  cstackBANK0  000000
__LcstackCOMRAM                 cstackCOMRAM 000000
__Ldata                         data         000000
__LdataBANK1                    dataBANK1    000000
__Leeprom_data                  eeprom_data  000000
__Lfarbss                       farbss       000000
__Lfardata                      fardata      000000
__Libigdata                     ibigdata     000000
__Lidata                        idata        000000
__LidataBANK1                   idataBANK1   000000
__Lidloc                        idloc        000000
__Lifardata                     ifardata     000000
__Linit                         init         000076
__Lintcode                      intcode      000008
__Lintcode_body                 intcode_body 000000
__Lintcodelo                    intcodelo    000076
__Lintentry                     intentry     000000
__Lintret                       intret       000000
__Lintsave_regs                 intsave_regs 000000
__Lirdata                       irdata       000000
__Lmediumconst                  mediumconst  000000
__LnvFARRAM                     nvFARRAM     000000
__Lnvbit                        nvbit        000000
__Lnvrram                       nvrram       000000
__Lparam                        rparam       000000
__Lpowerup                      powerup      000076
__Lram                          ram          000000
__Lramtop                       ramtop       000E00
__Lrbit                         rbit         000000
__Lrbss                         rbss         000000
__Lrdata                        rdata        000000
__Lreset_vec                    reset_vec    000000
__Lrparam                       rparam       000000
__Lsfr                          sfr          000000
__Lsmallconst                   smallconst   000E00
__Lspace_0                      (abs)        000000
__Lspace_1                      (abs)        000000
__Lspace_2                      (abs)        000000
__Lspace_4                      (abs)        000000
__Lstack                        stack        000000
__Lstruct                       struct       000000
__Ltemp                         temp         000056
__Ltext                         text         000000
__Ltext0                        text0        000000
__Ltext1                        text1        000000
__Ltext10                       text10       000000
__Ltext11                       text11       000000
__Ltext12                       text12       000000
__Ltext13                       text13       000000
__Ltext14                       text14       000000
__Ltext15                       text15       000000
__Ltext16                       text16       000000
__Ltext17                       text17       000000
__Ltext18                       text18       000000
__Ltext19                       text19       000000
__Ltext2                        text2        000000
__Ltext20                       text20       000000
__Ltext21                       text21       000000
__Ltext22                       text22       000000
__Ltext23                       text23       000000
__Ltext24                       text24       000000
__Ltext25                       text25       000000
__Ltext26                       text26       000000
__Ltext27                       text27       000000
__Ltext28                       text28       000000
__Ltext29                       text29       000000
__Ltext3                        text3        000000
__Ltext30                       text30       000000
__Ltext31                       text31       000000
__Ltext32                       text32       000000
__Ltext33                       text33       000000
__Ltext34                       text34       000000
__Ltext35                       text35       000000
__Ltext36                       text36       000000
__Ltext37                       text37       000000
__Ltext38                       text38       000000
__Ltext39                       text39       000000
__Ltext4                        text4        000000
__Ltext40                       text40       000000
__Ltext41                       text41       000000
__Ltext42                       text42       000000
__Ltext43                       text43       000000
__Ltext44                       text44       000000
__Ltext45                       text45       000000
__Ltext46                       text46       000000
__Ltext48                       text48       000000
__Ltext49                       text49       000000
__Ltext5                        text5        000000
__Ltext50                       text50       000000
__Ltext6                        text6        000000
__Ltext7                        text7        000000
__Ltext8                        text8        000000
__Ltext9                        text9        000000
__S0                            (abs)        003FDA
__S1                            (abs)        0001FE
__S2                            (abs)        000000
__S4                            (abs)        000000
__S5                            (abs)        000000
___aodiv                        text12       0030FC
___aodiv@counter                cstackCOMRAM 000015
___aodiv@dividend               cstackCOMRAM 000005
___aodiv@divisor                cstackCOMRAM 00000D
___aodiv@quotient               cstackCOMRAM 000017
___aodiv@sign                   cstackCOMRAM 000016
___aomod                        text11       003284
___aomod@counter                cstackCOMRAM 000015
___aomod@dividend               cstackCOMRAM 000005
___aomod@divisor                cstackCOMRAM 00000D
___aomod@sign                   cstackCOMRAM 000016
___fladd                        text31       001AB0
___fladd@a                      cstackCOMRAM 000009
___fladd@aexp                   cstackCOMRAM 000012
___fladd@b                      cstackCOMRAM 000005
___fladd@bexp                   cstackCOMRAM 000013
___fladd@grs                    cstackCOMRAM 000014
___fladd@signs                  cstackCOMRAM 000011
___fldiv                        text34       00239A
___fldiv@a                      cstackCOMRAM 000022
___fldiv@aexp                   cstackCOMRAM 000036
___fldiv@b                      cstackCOMRAM 00001E
___fldiv@bexp                   cstackCOMRAM 000035
___fldiv@grs                    cstackCOMRAM 000031
___fldiv@new_exp                cstackCOMRAM 00002F
___fldiv@rem                    cstackCOMRAM 00002A
___fldiv@sign                   cstackCOMRAM 00002E
___fleq                         text33       003782
___fleq@ff1                     cstackCOMRAM 000005
___fleq@ff2                     cstackCOMRAM 000009
___flge                         text32       0034EE
___flge@ff1                     cstackCOMRAM 000005
___flge@ff2                     cstackCOMRAM 000009
___flmul                        text43       001F70
___flmul@a                      cstackCOMRAM 000009
___flmul@aexp                   cstackCOMRAM 000016
___flmul@b                      cstackCOMRAM 000005
___flmul@bexp                   cstackCOMRAM 000017
___flmul@grs                    cstackCOMRAM 000012
___flmul@prod                   cstackCOMRAM 000018
___flmul@sign                   cstackCOMRAM 000011
___flmul@temp                   cstackCOMRAM 00001C
___flsub                        text30       003C00
___flsub@a                      cstackCOMRAM 00003B
___flsub@b                      cstackCOMRAM 000037
___fltol                        text42       0033E8
___fltol@exp1                   cstackCOMRAM 000048
___fltol@f1                     cstackCOMRAM 00003F
___fltol@sign1                  cstackCOMRAM 000047
___inthi_sp                     stack        000000
___intlo_sp                     stack        000000
___param_bank                   (abs)        000000
___rparam_used                  (abs)        000001
___sp                           stack        000000
___wmul                         text16       003EF2
___wmul@multiplicand            cstackCOMRAM 000007
___wmul@multiplier              cstackCOMRAM 000005
___wmul@product                 cstackCOMRAM 000009
___xxtofl                       text29       002DA4
___xxtofl@arg                   cstackCOMRAM 000015
___xxtofl@exp                   cstackCOMRAM 000014
___xxtofl@sign                  cstackCOMRAM 000013
___xxtofl@val                   cstackCOMRAM 00000B
__accesstop                     (abs)        000060
__activetblptr                  (abs)        000003
__end_of_HighISR                intcode      000076
__end_of_I2C_2_Master_Idle      text40       003EF2
__end_of_I2C_2_Master_Init      text41       003E76
__end_of_I2C_2_Master_Read      text25       003CCC
__end_of_I2C_2_Master_RepStart  text24       003FC4
__end_of_I2C_2_Master_Start     text39       003FD8
__end_of_I2C_2_Master_Stop      text38       003FCE
__end_of_I2C_2_Master_Write     text37       003FAE
__end_of_Interrupts_init        text46       003FBA
__end_of_TxBufferedString       text44       003E20
__end_of___aodiv                text12       003284
__end_of___aomod                text11       0033E8
__end_of___fladd                text31       001F70
__end_of___fldiv                text34       002734
__end_of___fleq                 text33       00382C
__end_of___flge                 text32       0035F2
__end_of___flmul                text43       00239A
__end_of___flsub                text30       003C46
__end_of___fltol                text42       0034EE
__end_of___wmul                 text16       003F18
__end_of___xxtofl               text29       002F58
__end_of__initialization        cinit        003BF6
__end_of_abs                    text10       003D4E
__end_of_atoi                   text13       0030FC
__end_of_color_click_init       text35       003DF0
__end_of_color_read_Blue        text23       003BB6
__end_of_color_read_Clear       text22       003B66
__end_of_color_read_Green       text21       003B16
__end_of_color_read_Red         text20       003AC6
__end_of_color_writetoaddr      text36       003F58
__end_of_determine_color_new    text28       001566
__end_of_dtoa                   text4        002DA4
__end_of_fputc                  text8        0036BC
__end_of_fputs                  text7        003C8A
__end_of_getCharFromTxBuf       text50       003E4C
__end_of_initDCmotorsPWM        text27       003D0E
__end_of_initUSART4             text26       003F38
__end_of_isDataInTxBuf          text18       003F8A
__end_of_isdigit                text15       003D86
__end_of_isspace                text14       003A76
__end_of_main                   text0        001AB0
__end_of_pad                    text5        003782
__end_of_putCharToRxBuf         text49       003ECA
__end_of_putCharToTxBuf         text45       003EA0
__end_of_putch                  text9        003FDA
__end_of_read_colours           text19       00396C
__end_of_sendTxBuf              text17       003F72
__end_of_sprintf                text1        003A24
__end_of_strlen                 text6        003DBC
__end_of_tiny                   smallconst   000E05
__end_of_vfpfcnvrt              text3        002AC0
__end_of_vfprintf               text2        0039D2
__end_ofi2_isDataInTxBuf        text48       003FA2
__initialization                cinit        003BB6
__mediumconst                   mediumconst  000000
__pbssBANK0                     bssBANK0     0000D8
__pbssBANK1                     bssBANK1     0001A2
__pbssCOMRAM                    bssCOMRAM    000052
__pcinit                        cinit        003BB6
__pcstackBANK0                  cstackBANK0  000060
__pcstackCOMRAM                 cstackCOMRAM 000001
__pdataBANK1                    dataBANK1    000100
__pidataBANK1                   idataBANK1   00382C
__pintcode                      intcode      000008
__psmallconst                   smallconst   000E00
__ptext0                        text0        001566
__ptext1                        text1        0039D2
__ptext10                       text10       003D0E
__ptext11                       text11       003284
__ptext12                       text12       0030FC
__ptext13                       text13       002F58
__ptext14                       text14       003A24
__ptext15                       text15       003D4E
__ptext16                       text16       003EF2
__ptext17                       text17       003F58
__ptext18                       text18       003F72
__ptext19                       text19       0038CE
__ptext2                        text2        00396C
__ptext20                       text20       003A76
__ptext21                       text21       003AC6
__ptext22                       text22       003B16
__ptext23                       text23       003B66
__ptext24                       text24       003FBA
__ptext25                       text25       003C8A
__ptext26                       text26       003F18
__ptext27                       text27       003CCC
__ptext28                       text28       000E34
__ptext29                       text29       002DA4
__ptext3                        text3        002734
__ptext30                       text30       003C00
__ptext31                       text31       001AB0
__ptext32                       text32       0034EE
__ptext33                       text33       003782
__ptext34                       text34       00239A
__ptext35                       text35       003DBC
__ptext36                       text36       003F38
__ptext37                       text37       003FA2
__ptext38                       text38       003FC4
__ptext39                       text39       003FCE
__ptext4                        text4        002AC0
__ptext40                       text40       003ECA
__ptext41                       text41       003E4C
__ptext42                       text42       0033E8
__ptext43                       text43       001F70
__ptext44                       text44       003DF0
__ptext45                       text45       003E76
__ptext46                       text46       003FAE
__ptext48                       text48       003F8A
__ptext49                       text49       003EA0
__ptext5                        text5        0036BC
__ptext50                       text50       003E20
__ptext6                        text6        003D86
__ptext7                        text7        003C46
__ptext8                        text8        0035F2
__ptext9                        text9        003FD8
__ramtop                        ramtop       000E00
__size_of_HighISR               (abs)        000000
__size_of_I2C_2_Master_Idle     (abs)        000000
__size_of_I2C_2_Master_Init     (abs)        000000
__size_of_I2C_2_Master_Read     (abs)        000000
__size_of_I2C_2_Master_RepStart (abs)        000000
__size_of_I2C_2_Master_Start    (abs)        000000
__size_of_I2C_2_Master_Stop     (abs)        000000
__size_of_I2C_2_Master_Write    (abs)        000000
__size_of_Interrupts_init       (abs)        000000
__size_of_TxBufferedString      (abs)        000000
__size_of___aodiv               (abs)        000000
__size_of___aomod               (abs)        000000
__size_of___fladd               (abs)        000000
__size_of___fldiv               (abs)        000000
__size_of___fleq                (abs)        000000
__size_of___flge                (abs)        000000
__size_of___flmul               (abs)        000000
__size_of___flsub               (abs)        000000
__size_of___fltol               (abs)        000000
__size_of___wmul                (abs)        000000
__size_of___xxtofl              (abs)        000000
__size_of_abs                   (abs)        000000
__size_of_atoi                  (abs)        000000
__size_of_color_click_init      (abs)        000000
__size_of_color_read_Blue       (abs)        000000
__size_of_color_read_Clear      (abs)        000000
__size_of_color_read_Green      (abs)        000000
__size_of_color_read_Red        (abs)        000000
__size_of_color_writetoaddr     (abs)        000000
__size_of_determine_color_new   (abs)        000000
__size_of_dtoa                  (abs)        000000
__size_of_fputc                 (abs)        000000
__size_of_fputs                 (abs)        000000
__size_of_getCharFromTxBuf      (abs)        000000
__size_of_initDCmotorsPWM       (abs)        000000
__size_of_initUSART4            (abs)        000000
__size_of_isDataInTxBuf         (abs)        000000
__size_of_isdigit               (abs)        000000
__size_of_isspace               (abs)        000000
__size_of_main                  (abs)        000000
__size_of_pad                   (abs)        000000
__size_of_putCharToRxBuf        (abs)        000000
__size_of_putCharToTxBuf        (abs)        000000
__size_of_putch                 (abs)        000000
__size_of_read_colours          (abs)        000000
__size_of_sendTxBuf             (abs)        000000
__size_of_sprintf               (abs)        000000
__size_of_strlen                (abs)        000000
__size_of_vfpfcnvrt             (abs)        000000
__size_of_vfprintf              (abs)        000000
__size_ofi2_isDataInTxBuf       (abs)        000000
__smallconst                    smallconst   000E00
_abs                            text10       003D0E
_atoi                           text13       002F58
_atoi$2300                      cstackCOMRAM 000014
_atoi$2301                      cstackCOMRAM 000018
_atoi$2302                      cstackCOMRAM 000016
_color_click_init               text35       003DBC
_color_read_Blue                text23       003B66
_color_read_Clear               text22       003B16
_color_read_Green               text21       003AC6
_color_read_Red                 text20       003A76
_color_writetoaddr              text36       003F38
_dbuf                           bssBANK1     0001DE
_determine_color_new            text28       000E34
_determine_color_new$230        cstackBANK0  000060
_determine_color_new$231        cstackBANK0  000064
_determine_color_new$232        cstackBANK0  000068
_determine_color_new$233        cstackBANK0  00006C
_determine_color_new$2652       cstackBANK0  000070
_dtoa                           text4        002AC0
_dtoa$2265                      cstackCOMRAM 000032
_errno                          bssBANK0     0000EC
_flags                          bssBANK0     0000F4
_fputc                          text8        0035F2
_fputs                          text7        003C46
_getCharFromTxBuf               text50       003E20
_initDCmotorsPWM                text27       003CCC
_initUSART4                     text26       003F18
_isDataInTxBuf                  text18       003F72
_isdigit                        text15       003D4E
_isspace                        text14       003A24
_isspace$2318                   cstackCOMRAM 00000B
_main                           text0        001566
_nout                           bssBANK0     0000EE
_pad                            text5        0036BC
_prec                           bssBANK0     0000F2
_putCharToRxBuf                 text49       003EA0
_putCharToTxBuf                 text45       003E76
_putch                          text9        003FD8
_read_colours                   text19       0038CE
_sendTxBuf                      text17       003F58
_sprintf                        text1        0039D2
_strlen                         text6        003D86
_vfpfcnvrt                      text3        002734
_vfpfcnvrt$2280                 cstackBANK0  00006A
_vfprintf                       text2        00396C
_width                          bssBANK0     0000F0
abs@a                           cstackCOMRAM 000017
atoi@n                          cstackCOMRAM 000019
atoi@neg                        cstackCOMRAM 000012
atoi@s                          cstackCOMRAM 00000C
btemp                           temp         000056
color_read_Blue@tmp             cstackCOMRAM 00000E
color_read_Clear@tmp            cstackCOMRAM 00000E
color_read_Green@tmp            cstackCOMRAM 00000E
color_read_Red@tmp              cstackCOMRAM 00000E
color_writetoaddr@address       cstackCOMRAM 000008
color_writetoaddr@value         cstackCOMRAM 000007
determine_color1@F14710         dataBANK1    00016C
determine_color2@F14729         dataBANK1    000136
determine_color3@F14748         dataBANK1    000100
determine_color_new@BlueRatio   cstackBANK0  000078
determine_color_new@GreenRatio  cstackBANK0  000084
determine_color_new@Hue         cstackBANK0  000074
determine_color_new@RatioMax    cstackBANK0  00008C
determine_color_new@RatioMin    cstackBANK0  000088
determine_color_new@RedRatio    cstackBANK0  000080
determine_color_new@Saturation  cstackBANK0  00007C
determine_color_new@m           cstackCOMRAM 00003F
dtoa@d                          cstackCOMRAM 000022
dtoa@fp                         cstackCOMRAM 000020
dtoa@i                          cstackCOMRAM 000042
dtoa@n                          cstackCOMRAM 00003A
dtoa@p                          cstackCOMRAM 000034
dtoa@s                          cstackCOMRAM 000038
dtoa@w                          cstackCOMRAM 000036
end_of_initialization           cinit        003BF6
fputc@c                         cstackCOMRAM 000005
fputc@fp                        cstackCOMRAM 000007
fputs@c                         cstackCOMRAM 000012
fputs@fp                        cstackCOMRAM 000010
fputs@i                         cstackCOMRAM 000013
fputs@s                         cstackCOMRAM 00000E
i2_isDataInTxBuf                text48       003F8A
initDCmotorsPWM@PWMperiod       cstackCOMRAM 000005
int$flags                       temp         000056
intlevel0                       text         000000
intlevel1                       text         000000
intlevel2                       text         000000
intlevel3                       text         000000
isa$std                         (abs)        000001
isa$xinst                       (abs)        000000
isdigit@c                       cstackCOMRAM 000005
isspace@c                       cstackCOMRAM 000005
main@frac_part                  cstackBANK0  0000A4
main@int_part                   cstackBANK0  0000AA
main@motorL                     cstackBANK0  0000AC
main@motorR                     cstackBANK0  0000B5
main@string                     cstackBANK0  000090
main@temp                       cstackBANK0  0000A6
main@test                       cstackBANK0  0000BE
pad@buf                         cstackCOMRAM 000017
pad@fp                          cstackCOMRAM 000015
pad@i                           cstackCOMRAM 00001C
pad@p                           cstackCOMRAM 000019
pad@w                           cstackCOMRAM 00001E
putCharToRxBuf@byte             cstackCOMRAM 000001
putCharToTxBuf@byte             cstackCOMRAM 000005
read_colours@m                  cstackCOMRAM 000010
sprintf@ap                      cstackBANK0  00007A
sprintf@f                       cstackBANK0  00007C
sprintf@fmt                     cstackBANK0  000074
sprintf@s                       cstackBANK0  000072
stackhi                         (abs)        000DE9
stacklo                         (abs)        0001FE
start                           init         000076
start_initialization            cinit        003BB6
strlen@a                        cstackCOMRAM 000007
strlen@s                        cstackCOMRAM 000005
ttemp5                          temp         000057
ttemp6                          temp         00005A
ttemp7                          temp         00005E
vfpfcnvrt@ap                    cstackCOMRAM 000048
vfpfcnvrt@done                  cstackBANK0  000068
vfpfcnvrt@fmt                   cstackCOMRAM 000046
vfpfcnvrt@fp                    cstackCOMRAM 000044
vfpfcnvrt@ll                    cstackBANK0  000060
vfprintf@ap                     cstackBANK0  000070
vfprintf@cfmt                   cstackCOMRAM 00004E
vfprintf@fmt                    cstackBANK0  00006E
vfprintf@fp                     cstackBANK0  00006C
wtemp8                          temp         000057


MODULE INFORMATION

Module		Function		Class		Link	Load	Size
C:\Program Files\Microchip\xc8\v2.32\pic\sources\c99\common\nf_sprintf.c
		_sprintf       		CODE           	39D2	0000	82

C:\Program Files\Microchip\xc8\v2.32\pic\sources\c99\common\nf_sprintf.c estimated size: 82

C:\Program Files\Microchip\xc8\v2.32\pic\sources\c99\common\isdigit.c
		_isdigit       		CODE           	3D4E	0000	56

C:\Program Files\Microchip\xc8\v2.32\pic\sources\c99\common\isdigit.c estimated size: 56

serial.c
		_putCharToRxBuf		CODE           	3EA0	0000	42
		_putCharToTxBuf		CODE           	3E76	0000	42
		_isDataInTxBuf 		CODE           	3F72	0000	24
		_TxBufferedString		CODE           	3DF0	0000	48
		_getCharFromTxBuf		CODE           	3E20	0000	44
		_sendTxBuf     		CODE           	3F58	0000	26
		_initUSART4    		CODE           	3F18	0000	32

serial.c estimated size: 258

C:\Program Files\Microchip\xc8\v2.32\pic\sources\c99\common\sprcadd.c
		___flsub       		CODE           	3C00	0000	70
		___fladd       		CODE           	1AB0	0000	1216

C:\Program Files\Microchip\xc8\v2.32\pic\sources\c99\common\sprcadd.c estimated size: 1286

color.c
		_read_colours  		CODE           	38CE	0000	158
		_color_writetoaddr		CODE           	3F38	0000	32
		_color_click_init		CODE           	3DBC	0000	52
		_color_read_Green		CODE           	3AC6	0000	80
		_color_read_Clear		CODE           	3B16	0000	80
		_color_read_Red		CODE           	3A76	0000	80
		_determine_color_new		CODE           	0E34	0000	1842
		_color_read_Blue		CODE           	3B66	0000	80

color.c estimated size: 2404

C:\Program Files\Microchip\xc8\v2.32\pic\sources\c99\common\doprnt.c
		_vfpfcnvrt     		CODE           	2734	0000	908
		_pad           		CODE           	36BC	0000	198
		_dtoa          		CODE           	2AC0	0000	740
		_vfprintf      		CODE           	396C	0000	102

C:\Program Files\Microchip\xc8\v2.32\pic\sources\c99\common\doprnt.c estimated size: 1948

dc_motor.c
		_initDCmotorsPWM		CODE           	3CCC	0000	66

dc_motor.c estimated size: 66

interrupts.c
		_Interrupts_init		CODE           	3FAE	0000	12
		_HighISR       		CODE           	0008	0000	110

interrupts.c estimated size: 122

i2c.c
		_I2C_2_Master_Start		CODE           	3FCE	0000	10
		_I2C_2_Master_Read		CODE           	3C8A	0000	66
		_I2C_2_Master_Idle		CODE           	3ECA	0000	40
		_I2C_2_Master_Init		CODE           	3E4C	0000	42
		_I2C_2_Master_Stop		CODE           	3FC4	0000	10
		_I2C_2_Master_RepStart		CODE           	3FBA	0000	10
		_I2C_2_Master_Write		CODE           	3FA2	0000	12

i2c.c estimated size: 190

C:\Program Files\Microchip\xc8\v2.32\pic\sources\c99\common\atoi.c
		_atoi          		CODE           	2F58	0000	420

C:\Program Files\Microchip\xc8\v2.32\pic\sources\c99\common\atoi.c estimated size: 420

C:\Program Files\Microchip\xc8\v2.32\pic\sources\c99\common\nf_fputs.c
		_fputs         		CODE           	3C46	0000	68

C:\Program Files\Microchip\xc8\v2.32\pic\sources\c99\common\nf_fputs.c estimated size: 68

C:\Program Files\Microchip\xc8\v2.32\pic\sources\c99\common\fleq.c
		___fleq        		CODE           	3782	0000	170

C:\Program Files\Microchip\xc8\v2.32\pic\sources\c99\common\fleq.c estimated size: 170

C:\Program Files\Microchip\xc8\v2.32\pic\sources\c99\common\putch.c
		_putch         		CODE           	3FD8	0000	2

C:\Program Files\Microchip\xc8\v2.32\pic\sources\c99\common\putch.c estimated size: 2

C:\Program Files\Microchip\xc8\v2.32\pic\sources\c99\common\Umul16.c
		___wmul        		CODE           	3EF2	0000	38

C:\Program Files\Microchip\xc8\v2.32\pic\sources\c99\common\Umul16.c estimated size: 38

C:\Program Files\Microchip\xc8\v2.32\pic\sources\c99\common\abs.c
		_abs           		CODE           	3D0E	0000	64

C:\Program Files\Microchip\xc8\v2.32\pic\sources\c99\common\abs.c estimated size: 64

C:\Program Files\Microchip\xc8\v2.32\pic\sources\c99\common\aomod.c
		___aomod       		CODE           	3284	0000	356

C:\Program Files\Microchip\xc8\v2.32\pic\sources\c99\common\aomod.c estimated size: 356

C:\Program Files\Microchip\xc8\v2.32\pic\sources\c99\common\isspace.c
		_isspace       		CODE           	3A24	0000	82

C:\Program Files\Microchip\xc8\v2.32\pic\sources\c99\common\isspace.c estimated size: 82

shared
		__initialization		CODE           	3BB6	0000	64
		i2_isDataInTxBuf		CODE           	3F8A	0000	24
		_tiny          		SMALLCONST     	0000	0000	0

shared estimated size: 88

C:\Program Files\Microchip\xc8\v2.32\pic\sources\c99\common\sprcmul.c
		___flmul       		CODE           	1F70	0000	1066

C:\Program Files\Microchip\xc8\v2.32\pic\sources\c99\common\sprcmul.c estimated size: 1066

C:\Program Files\Microchip\xc8\v2.32\pic\sources\c99\common\sprcdiv.c
		___fldiv       		CODE           	239A	0000	922

C:\Program Files\Microchip\xc8\v2.32\pic\sources\c99\common\sprcdiv.c estimated size: 922

C:\Program Files\Microchip\xc8\v2.32\pic\sources\c99\common\fltol.c
		___fltol       		CODE           	33E8	0000	262

C:\Program Files\Microchip\xc8\v2.32\pic\sources\c99\common\fltol.c estimated size: 262

C:\Program Files\Microchip\xc8\v2.32\pic\sources\c99\common\xxtofl.c
		___xxtofl      		CODE           	2DA4	0000	436

C:\Program Files\Microchip\xc8\v2.32\pic\sources\c99\common\xxtofl.c estimated size: 436

C:\Program Files\Microchip\xc8\v2.32\pic\sources\c99\common\nf_fputc.c
		_fputc         		CODE           	35F2	0000	202

C:\Program Files\Microchip\xc8\v2.32\pic\sources\c99\common\nf_fputc.c estimated size: 202

C:\Program Files\Microchip\xc8\v2.32\pic\sources\c99\common\aodiv.c
		___aodiv       		CODE           	30FC	0000	392

C:\Program Files\Microchip\xc8\v2.32\pic\sources\c99\common\aodiv.c estimated size: 392

main.c
		_main          		CODE           	1566	0000	1354

main.c estimated size: 1354

C:\Program Files\Microchip\xc8\v2.32\pic\sources\c99\common\strlen.c
		_strlen        		CODE           	3D86	0000	54

C:\Program Files\Microchip\xc8\v2.32\pic\sources\c99\common\strlen.c estimated size: 54

C:\Program Files\Microchip\xc8\v2.32\pic\sources\c99\common\flge.c
		___flge        		CODE           	34EE	0000	260

C:\Program Files\Microchip\xc8\v2.32\pic\sources\c99\common\flge.c estimated size: 260

