Microchip MPLAB XC8 Compiler V2.32

Linker command line:

-W-3 --edf=C:\Program Files\Microchip\xc8\v2.32\pic\dat\en_msgs.txt -cn \
  -h+dist/default/production\final-project-tues-merrill-yi-wei.X.production.sym \
  --cmf=dist/default/production\final-project-tues-merrill-yi-wei.X.production.cmf \
  -z -Q18F67K40 -oC:\Users\merri\AppData\Local\Temp\xcAs6uk.4 \
  --defsym=__MPLAB_BUILD=1 \
  -Mdist/default/production/final-project-tues-merrill-yi-wei.X.production.map \
  -E1 -ver=XC8 Compiler --acfsm=1493 -ASTACK=013Ch-0DE9h -pstack=STACK \
  -ACODE=00h-01FFFFh -ACONST=00h-01FFFFh -ASMALLCONST=0E00h-0EFFhx498 \
  -AMEDIUMCONST=0E00h-0FFFFh,010E00h-01FFFFh -ACOMRAM=01h-05Fh \
  -AABS1=00h-0DE9h -ABIGRAM=01h-0DE9h \
  -ARAM=060h-0FFh,0100h-01FFhx12,0D00h-0DE9h -ABANK0=060h-0FFh \
  -ABANK1=0100h-01FFh -ABANK2=0200h-02FFh -ABANK3=0300h-03FFh \
  -ABANK4=0400h-04FFh -ABANK5=0500h-05FFh -ABANK6=0600h-06FFh \
  -ABANK7=0700h-07FFh -ABANK8=0800h-08FFh -ABANK9=0900h-09FFh \
  -ABANK10=0A00h-0AFFh -ABANK11=0B00h-0BFFh -ABANK12=0C00h-0CFFh \
  -ABANK13=0D00h-0DE9h \
  -ASFR=0DEFh-0DFFh,0E00h-0EFFh,0F00h-0F5Fh,0F60h-0FFFh \
  -ACONFIG=0300000h-030000Bh -AIDLOC=0200000h-020000Fh \
  -AEEDATA=0310000h-03103FFh -peeprom_data=EEDATA \
  -preset_vec=00h,intcode=08h,intcodelo,powerup,init -pramtop=0E00h \
  -psmallconst=SMALLCONST -pmediumconst=MEDIUMCONST -pconst=CONST \
  -AFARRAM=00h-00h \
  -prdata=COMRAM,nvrram=COMRAM,nvbit=COMRAM,rbss=COMRAM,rbit=COMRAM \
  -pfarbss=FARRAM,fardata=FARRAM,nvFARRAM=FARRAM \
  -pintsave_regs=BIGRAM,bigbss=BIGRAM,bigdata=BIGRAM -pbss=RAM \
  -pidata=CODE,irdata=CODE,ibigdata=CODE,ifardata=CODE -prparam=COMRAM \
  C:\Users\merri\AppData\Local\Temp\xcAs6uk.o \
  dist/default/production\final-project-tues-merrill-yi-wei.X.production.o 

Object code version is 3.11

Machine type is 18F67K40



                Name                               Link     Load   Length Selector   Space Scale
C:\Users\merri\AppData\Local\Temp\xcAs6uk.o
                idloc                            200000   200000       10        0       5
                config                           300000   300000        C        0       4
                init                                 28       28        4        4       0
                reset_vec                             0        0        4        0       0
dist/default/production\final-project-tues-merrill-yi-wei.X.production.o
                intcode                               8        8       20        4       0
                idloc                            200000   200000       10        0       5
                config                           300000   300000        C        0       4
                temp                                 5F       5F        1        1       1
                text43                             37E8     37E8        C        4       0
                text42                             37C0     37C0       1C        4       0
                text41                             3292     3292       74        4       0
                text40                             3738     3738       26        4       0
                text39                             23E2     23E2      1D4        4       0
                text38                             340C     340C       52        4       0
                text37                             33BA     33BA       52        4       0
                text36                             317E     317E       9A        4       0
                text35                             276A     276A      140        4       0
                text34                             3094     3094       EA        4       0
                text33                             29E8     29E8      13E        4       0
                text32                             2FA8     2FA8       EC        4       0
                text31                             2C62     2C62      13C        4       0
                text30                             2B26     2B26      13C        4       0
                text29                             28AA     28AA      13E        4       0
                text28                             1C80     1C80      3C8        4       0
                text27                             3710     3710       28        4       0
                text26                             3670     3670       42        4       0
                text25                             3808     3808        A        4       0
                text24                             37FE     37FE        A        4       0
                text23                             37F4     37F4        A        4       0
                text22                             37DC     37DC        C        4       0
                text21                             354E     354E       50        4       0
                text20                             34FE     34FE       50        4       0
                text19                             34AE     34AE       50        4       0
                text18                             35E8     35E8       46        4       0
                text17                             359E     359E       4A        4       0
                text16                             36E6     36E6       2A        4       0
                text15                             37A0     37A0       20        4       0
                text14                             36B2     36B2       34        4       0
                text13                             1396     1396      4C0        4       0
                text12                             2048     2048      39A        4       0
                text11                             1856     1856      42A        4       0
                text10                             2D9E     2D9E      106        4       0
                text9                              25B6     25B6      1B4        4       0
                text8                              2EA4     2EA4      104        4       0
                text7                              3218     3218       7A        4       0
                text6                                2C       2C      D62        4       0
                text5                              362E     362E       42        4       0
                text4                              3780     3780       20        4       0
                text3                              345E     345E       50        4       0
                text2                              3306     3306       62        4       0
                text1                              3368     3368       52        4       0
                text0                               D8E      D8E      608        4       0
                cstackCOMRAM                          1        1       5E        1       1
                cstackBANK0                          60       60       58       60       1
                bssBANK1                            100      100       3C      100       1
                bssBANK0                             B8       B8       42       60       1
                cinit                              375E     375E       22        4       0

TOTAL           Name                               Link     Load   Length     Space
        CLASS   STACK          

        CLASS   CODE           
                intcode                               8        8       20         0
                init                                 28       28        4         0
                reset_vec                             0        0        4         0
                text43                             37E8     37E8        C         0
                text42                             37C0     37C0       1C         0
                text41                             3292     3292       74         0
                text40                             3738     3738       26         0
                text39                             23E2     23E2      1D4         0
                text38                             340C     340C       52         0
                text37                             33BA     33BA       52         0
                text36                             317E     317E       9A         0
                text35                             276A     276A      140         0
                text34                             3094     3094       EA         0
                text33                             29E8     29E8      13E         0
                text32                             2FA8     2FA8       EC         0
                text31                             2C62     2C62      13C         0
                text30                             2B26     2B26      13C         0
                text29                             28AA     28AA      13E         0
                text28                             1C80     1C80      3C8         0
                text27                             3710     3710       28         0
                text26                             3670     3670       42         0
                text25                             3808     3808        A         0
                text24                             37FE     37FE        A         0
                text23                             37F4     37F4        A         0
                text22                             37DC     37DC        C         0
                text21                             354E     354E       50         0
                text20                             34FE     34FE       50         0
                text19                             34AE     34AE       50         0
                text18                             35E8     35E8       46         0
                text17                             359E     359E       4A         0
                text16                             36E6     36E6       2A         0
                text15                             37A0     37A0       20         0
                text14                             36B2     36B2       34         0
                text13                             1396     1396      4C0         0
                text12                             2048     2048      39A         0
                text11                             1856     1856      42A         0
                text10                             2D9E     2D9E      106         0
                text9                              25B6     25B6      1B4         0
                text8                              2EA4     2EA4      104         0
                text7                              3218     3218       7A         0
                text6                                2C       2C      D62         0
                text5                              362E     362E       42         0
                text4                              3780     3780       20         0
                text3                              345E     345E       50         0
                text2                              3306     3306       62         0
                text1                              3368     3368       52         0
                text0                               D8E      D8E      608         0
                cinit                              375E     375E       22         0

        CLASS   CONST          

        CLASS   SMALLCONST     

        CLASS   MEDIUMCONST    

        CLASS   COMRAM         
                temp                                 5F       5F        1         1
                cstackCOMRAM                          1        1       5E         1

        CLASS   ABS1           

        CLASS   BIGRAM         

        CLASS   RAM            

        CLASS   BANK0          
                cstackBANK0                          60       60       58         1
                bssBANK0                             B8       B8       42         1

        CLASS   BANK1          
                bssBANK1                            100      100       3C         1

        CLASS   BANK2          

        CLASS   BANK3          

        CLASS   BANK4          

        CLASS   BANK5          

        CLASS   BANK6          

        CLASS   BANK7          

        CLASS   BANK8          

        CLASS   BANK9          

        CLASS   BANK10         

        CLASS   BANK11         

        CLASS   BANK12         

        CLASS   BANK13         

        CLASS   SFR            

        CLASS   CONFIG         
                config                           300000   300000        C         4

        CLASS   IDLOC          
                idloc                            200000   200000       10         5

        CLASS   EEDATA         

        CLASS   FARRAM         



SEGMENTS        Name                           Load    Length   Top    Selector   Space  Class

                reset_vec                      000000  000004  000004         0       0  CODE    
                cstackCOMRAM                   000001  00005F  000060         1       1  COMRAM  
                intcode                        000008  00380A  003812         4       0  CODE    
                cstackBANK0                    000060  00009A  0000FA        60       1  BANK0   
                bssBANK1                       000100  00003C  00013C       100       1  BANK1   


UNUSED ADDRESS RANGES

        Name                Unused          Largest block    Delta
        BANK0            0000FA-0000FF                6
        BANK1            00013C-0001FF               C4
        BANK10           000A00-000AFF              100
        BANK11           000B00-000BFF              100
        BANK12           000C00-000CFF              100
        BANK13           000D00-000DE9               EA
        BANK2            000200-0002FF              100
        BANK3            000300-0003FF              100
        BANK4            000400-0004FF              100
        BANK5            000500-0005FF              100
        BANK6            000600-0006FF              100
        BANK7            000700-0007FF              100
        BANK8            000800-0008FF              100
        BANK9            000900-0009FF              100
        BIGRAM           0000FA-0000FF                6
                         00013C-000DE9              CAE
        CODE             000004-000007                4
                         003812-01FFFF            1C7EE
        CONST            000004-000007                4
                         003812-01FFFF            1C7EE
        EEDATA           310000-3103FF              400
        MEDIUMCONST      003812-00FFFF             C7EE
                         010E00-01FFFF             F200
        RAM              0000FA-0000FF                6
                         00013C-000DE9              100
        SFR              000DEF-000FFF              100
        SMALLCONST       003812-01FFFF              100
        STACK            00013C-000DE9              CAE

                                  Symbol Table

?___fladd                         cstackCOMRAM 000041
?___fldiv                         cstackCOMRAM 00000F
?___flmul                         cstackCOMRAM 000028
?___fltol                         cstackCOMRAM 000051
?___lwdiv                         cstackCOMRAM 000007
?___wmul                          cstackCOMRAM 000001
?___xxtofl                        cstackCOMRAM 000001
?_color_read_Blue                 cstackCOMRAM 000005
?_color_read_Clear                cstackCOMRAM 000005
?_color_read_Green                cstackCOMRAM 000005
?_color_read_Red                  cstackCOMRAM 000005
?_determine_color_new             cstackCOMRAM 00005B
?_isbtw                           cstackCOMRAM 00000D
I2C_2_Master_Read@ack             cstackCOMRAM 000003
I2C_2_Master_Read@tmp             cstackCOMRAM 000004
I2C_2_Master_Write@data_byte      cstackCOMRAM 000002
White@i                           cstackCOMRAM 00003D
White@mL                          cstackCOMRAM 00002B
White@mR                          cstackCOMRAM 00002D
White@movementArray               cstackCOMRAM 00002F
White@movements                   cstackCOMRAM 000031
White@tempTimerVal                cstackCOMRAM 00003B
White@timerArray                  cstackCOMRAM 000033
_ANSELDbits                       (abs)        000EA7
_ANSELFbits                       (abs)        000EB4
_BAUD4CONbits                     (abs)        000EE9
_EUSART4RXbuf                     bssBANK0     0000B8
_EUSART4TXbuf                     bssBANK1     000100
_HighISR                          intcode      000008
_I2C_2_Master_Idle                text27       003710
_I2C_2_Master_Init                text16       0036E6
_I2C_2_Master_Read                text26       003670
_I2C_2_Master_RepStart            text25       003808
_I2C_2_Master_Start               text24       0037FE
_I2C_2_Master_Stop                text23       0037F4
_I2C_2_Master_Write               text22       0037DC
_INTCONbits                       (abs)        000FF2
_Interrupts_init                  text43       0037E8
_LATAbits                         (abs)        000F79
_LATCbits                         (abs)        000F7B
_LATDbits                         (abs)        000F7C
_LATE                             (abs)        000F7D
_LATEbits                         (abs)        000F7D
_LATFbits                         (abs)        000F7E
_LATG                             (abs)        000F7F
_LATGbits                         (abs)        000F7F
_LATHbits                         (abs)        000F80
_PIE0bits                         (abs)        000E29
_PIE2bits                         (abs)        000E2B
_PIE4bits                         (abs)        000E2D
_PIR0bits                         (abs)        000E33
_PIR4bits                         (abs)        000E37
_PORTFbits                        (abs)        000F8E
_PWM6CONbits                      (abs)        000FA4
_PWM6DCH                          (abs)        000FA3
_PWM7CONbits                      (abs)        000FA1
_PWM7DCH                          (abs)        000FA0
_RC0PPS                           (abs)        000E62
_RC4REG                           (abs)        000EE3
_RC4STAbits                       (abs)        000EE7
_RC7PPS                           (abs)        000E69
_RD5PPS                           (abs)        000E6F
_RD6PPS                           (abs)        000E70
_RE2PPS                           (abs)        000E74
_RX4PPS                           (abs)        000E15
_RxBufReadCnt                     bssBANK0     0000D0
_RxBufWriteCnt                    bssBANK0     0000D1
_SP4BRGH                          (abs)        000EE6
_SP4BRGL                          (abs)        000EE5
_SSP2ADD                          (abs)        000ED6
_SSP2BUF                          (abs)        000ED5
_SSP2CLKPPS                       (abs)        000E1C
_SSP2CON1bits                     (abs)        000ED9
_SSP2CON2                         (abs)        000EDA
_SSP2CON2bits                     (abs)        000EDA
_SSP2DATPPS                       (abs)        000E1D
_SSP2STAT                         (abs)        000ED8
_T0CON0bits                       (abs)        000FD5
_T0CON1bits                       (abs)        000FD6
_T2CLKCONbits                     (abs)        000FBF
_T2CONbits                        (abs)        000FBD
_T2HLTbits                        (abs)        000FBE
_T2PR                             (abs)        000FBC
_TMR0H                            (abs)        000FD4
_TMR0L                            (abs)        000FD3
_TRISAbits                        (abs)        000F81
_TRISCbits                        (abs)        000F83
_TRISDbits                        (abs)        000F84
_TRISEbits                        (abs)        000F85
_TRISFbits                        (abs)        000F86
_TRISGbits                        (abs)        000F87
_TRISHbits                        (abs)        000F88
_TX4REG                           (abs)        000EE4
_TX4STAbits                       (abs)        000EE8
_Timer0_init                      text42       0037C0
_TxBufReadCnt                     bssBANK0     0000CE
_TxBufWriteCnt                    bssBANK0     0000CF
_White                            text28       001C80
__HRAM                            (abs)        000000
__Habs1                           abs1         000000
__Hbank0                          bank0        000000
__Hbank1                          bank1        000000
__Hbank10                         bank10       000000
__Hbank11                         bank11       000000
__Hbank12                         bank12       000000
__Hbank13                         bank13       000000
__Hbank2                          bank2        000000
__Hbank3                          bank3        000000
__Hbank4                          bank4        000000
__Hbank5                          bank5        000000
__Hbank6                          bank6        000000
__Hbank7                          bank7        000000
__Hbank8                          bank8        000000
__Hbank9                          bank9        000000
__Hbigbss                         bigbss       000000
__Hbigdata                        bigdata      000000
__Hbigram                         bigram       000000
__Hbss                            bss          000000
__HbssBANK0                       bssBANK0     000000
__HbssBANK1                       bssBANK1     000000
__Hcinit                          cinit        000000
__Hclrtext                        clrtext      000000
__Hcomram                         comram       000000
__Hconfig                         config       30000C
__Hconst                          const        000000
__HcstackBANK0                    cstackBANK0  000000
__HcstackCOMRAM                   cstackCOMRAM 000000
__Hdata                           data         000000
__Heeprom_data                    eeprom_data  000000
__Hfarbss                         farbss       000000
__Hfardata                        fardata      000000
__Hibigdata                       ibigdata     000000
__Hidata                          idata        000000
__Hidloc                          idloc        200010
__Hifardata                       ifardata     000000
__Hinit                           init         00002C
__Hintcode                        intcode      000028
__Hintcode_body                   intcode_body 000000
__Hintcodelo                      intcodelo    000028
__Hintentry                       intentry     000000
__Hintret                         intret       000000
__Hintsave_regs                   intsave_regs 000000
__Hirdata                         irdata       000000
__Hmediumconst                    mediumconst  000000
__HnvFARRAM                       nvFARRAM     000000
__Hnvbit                          nvbit        000000
__Hnvrram                         nvrram       000000
__Hparam                          rparam       000000
__Hpowerup                        powerup      000028
__Hram                            ram          000000
__Hramtop                         ramtop       000E00
__Hrbit                           rbit         000000
__Hrbss                           rbss         000000
__Hrdata                          rdata        000000
__Hreset_vec                      reset_vec    000004
__Hrparam                         rparam       000000
__Hsfr                            sfr          000000
__Hsmallconst                     smallconst   000000
__Hspace_0                        (abs)        003812
__Hspace_1                        (abs)        00013C
__Hspace_2                        (abs)        000000
__Hspace_4                        (abs)        60000C
__Hstack                          stack        000000
__Hstruct                         struct       000000
__Htemp                           temp         000060
__Htext                           text         000000
__Htext0                          text0        000000
__Htext1                          text1        000000
__Htext10                         text10       000000
__Htext11                         text11       000000
__Htext12                         text12       000000
__Htext13                         text13       000000
__Htext14                         text14       000000
__Htext15                         text15       000000
__Htext16                         text16       000000
__Htext17                         text17       000000
__Htext18                         text18       000000
__Htext19                         text19       000000
__Htext2                          text2        000000
__Htext20                         text20       000000
__Htext21                         text21       000000
__Htext22                         text22       000000
__Htext23                         text23       000000
__Htext24                         text24       000000
__Htext25                         text25       000000
__Htext26                         text26       000000
__Htext27                         text27       000000
__Htext28                         text28       000000
__Htext29                         text29       000000
__Htext3                          text3        000000
__Htext30                         text30       000000
__Htext31                         text31       000000
__Htext32                         text32       000000
__Htext33                         text33       000000
__Htext34                         text34       000000
__Htext35                         text35       000000
__Htext36                         text36       000000
__Htext37                         text37       000000
__Htext38                         text38       000000
__Htext39                         text39       000000
__Htext4                          text4        000000
__Htext40                         text40       000000
__Htext41                         text41       000000
__Htext42                         text42       000000
__Htext43                         text43       000000
__Htext5                          text5        000000
__Htext6                          text6        000000
__Htext7                          text7        000000
__Htext8                          text8        000000
__Htext9                          text9        000000
__LRAM                            (abs)        000001
__Labs1                           abs1         000000
__Lbank0                          bank0        000000
__Lbank1                          bank1        000000
__Lbank10                         bank10       000000
__Lbank11                         bank11       000000
__Lbank12                         bank12       000000
__Lbank13                         bank13       000000
__Lbank2                          bank2        000000
__Lbank3                          bank3        000000
__Lbank4                          bank4        000000
__Lbank5                          bank5        000000
__Lbank6                          bank6        000000
__Lbank7                          bank7        000000
__Lbank8                          bank8        000000
__Lbank9                          bank9        000000
__Lbigbss                         bigbss       000000
__Lbigdata                        bigdata      000000
__Lbigram                         bigram       000000
__Lbss                            bss          000000
__LbssBANK0                       bssBANK0     000000
__LbssBANK1                       bssBANK1     000000
__Lcinit                          cinit        000000
__Lclrtext                        clrtext      000000
__Lcomram                         comram       000000
__Lconfig                         config       000000
__Lconst                          const        000000
__LcstackBANK0                    cstackBANK0  000000
__LcstackCOMRAM                   cstackCOMRAM 000000
__Ldata                           data         000000
__Leeprom_data                    eeprom_data  000000
__Lfarbss                         farbss       000000
__Lfardata                        fardata      000000
__Libigdata                       ibigdata     000000
__Lidata                          idata        000000
__Lidloc                          idloc        000000
__Lifardata                       ifardata     000000
__Linit                           init         000028
__Lintcode                        intcode      000008
__Lintcode_body                   intcode_body 000000
__Lintcodelo                      intcodelo    000028
__Lintentry                       intentry     000000
__Lintret                         intret       000000
__Lintsave_regs                   intsave_regs 000000
__Lirdata                         irdata       000000
__Lmediumconst                    mediumconst  000000
__LnvFARRAM                       nvFARRAM     000000
__Lnvbit                          nvbit        000000
__Lnvrram                         nvrram       000000
__Lparam                          rparam       000000
__Lpowerup                        powerup      000028
__Lram                            ram          000000
__Lramtop                         ramtop       000E00
__Lrbit                           rbit         000000
__Lrbss                           rbss         000000
__Lrdata                          rdata        000000
__Lreset_vec                      reset_vec    000000
__Lrparam                         rparam       000000
__Lsfr                            sfr          000000
__Lsmallconst                     smallconst   000000
__Lspace_0                        (abs)        000000
__Lspace_1                        (abs)        000000
__Lspace_2                        (abs)        000000
__Lspace_4                        (abs)        000000
__Lstack                          stack        000000
__Lstruct                         struct       000000
__Ltemp                           temp         00005F
__Ltext                           text         000000
__Ltext0                          text0        000000
__Ltext1                          text1        000000
__Ltext10                         text10       000000
__Ltext11                         text11       000000
__Ltext12                         text12       000000
__Ltext13                         text13       000000
__Ltext14                         text14       000000
__Ltext15                         text15       000000
__Ltext16                         text16       000000
__Ltext17                         text17       000000
__Ltext18                         text18       000000
__Ltext19                         text19       000000
__Ltext2                          text2        000000
__Ltext20                         text20       000000
__Ltext21                         text21       000000
__Ltext22                         text22       000000
__Ltext23                         text23       000000
__Ltext24                         text24       000000
__Ltext25                         text25       000000
__Ltext26                         text26       000000
__Ltext27                         text27       000000
__Ltext28                         text28       000000
__Ltext29                         text29       000000
__Ltext3                          text3        000000
__Ltext30                         text30       000000
__Ltext31                         text31       000000
__Ltext32                         text32       000000
__Ltext33                         text33       000000
__Ltext34                         text34       000000
__Ltext35                         text35       000000
__Ltext36                         text36       000000
__Ltext37                         text37       000000
__Ltext38                         text38       000000
__Ltext39                         text39       000000
__Ltext4                          text4        000000
__Ltext40                         text40       000000
__Ltext41                         text41       000000
__Ltext42                         text42       000000
__Ltext43                         text43       000000
__Ltext5                          text5        000000
__Ltext6                          text6        000000
__Ltext7                          text7        000000
__Ltext8                          text8        000000
__Ltext9                          text9        000000
__S0                              (abs)        003812
__S1                              (abs)        00013C
__S2                              (abs)        000000
__S4                              (abs)        000000
__S5                              (abs)        000000
___fladd                          text13       001396
___fladd@a                        cstackCOMRAM 000045
___fladd@aexp                     cstackCOMRAM 00004E
___fladd@b                        cstackCOMRAM 000041
___fladd@bexp                     cstackCOMRAM 00004F
___fladd@grs                      cstackCOMRAM 000050
___fladd@signs                    cstackCOMRAM 00004D
___fldiv                          text12       002048
___fldiv@a                        cstackCOMRAM 000013
___fldiv@aexp                     cstackCOMRAM 000027
___fldiv@b                        cstackCOMRAM 00000F
___fldiv@bexp                     cstackCOMRAM 000026
___fldiv@grs                      cstackCOMRAM 000022
___fldiv@new_exp                  cstackCOMRAM 000020
___fldiv@rem                      cstackCOMRAM 00001B
___fldiv@sign                     cstackCOMRAM 00001F
___flge                           text8        002EA4
___flge@ff1                       cstackCOMRAM 000001
___flge@ff2                       cstackCOMRAM 000005
___flmul                          text11       001856
___flmul@a                        cstackCOMRAM 00002C
___flmul@aexp                     cstackCOMRAM 000039
___flmul@b                        cstackCOMRAM 000028
___flmul@bexp                     cstackCOMRAM 00003A
___flmul@grs                      cstackCOMRAM 000035
___flmul@prod                     cstackCOMRAM 00003B
___flmul@sign                     cstackCOMRAM 000034
___flmul@temp                     cstackCOMRAM 00003F
___fltol                          text10       002D9E
___fltol@exp1                     cstackCOMRAM 00005A
___fltol@f1                       cstackCOMRAM 000051
___fltol@sign1                    cstackCOMRAM 000059
___inthi_sp                       stack        000000
___intlo_sp                       stack        000000
___lwdiv                          text41       003292
___lwdiv@counter                  cstackCOMRAM 00000D
___lwdiv@dividend                 cstackCOMRAM 000007
___lwdiv@divisor                  cstackCOMRAM 000009
___lwdiv@quotient                 cstackCOMRAM 00000B
___param_bank                     (abs)        000000
___rparam_used                    (abs)        000001
___sp                             stack        000000
___wmul                           text40       003738
___wmul@multiplicand              cstackCOMRAM 000003
___wmul@multiplier                cstackCOMRAM 000001
___wmul@product                   cstackCOMRAM 000005
___xxtofl                         text9        0025B6
___xxtofl@arg                     cstackCOMRAM 00000B
___xxtofl@exp                     cstackCOMRAM 00000A
___xxtofl@sign                    cstackCOMRAM 000009
___xxtofl@val                     cstackCOMRAM 000001
__accesstop                       (abs)        000060
__activetblptr                    (abs)        000000
__end_of_HighISR                  intcode      000028
__end_of_I2C_2_Master_Idle        text27       003738
__end_of_I2C_2_Master_Init        text16       003710
__end_of_I2C_2_Master_Read        text26       0036B2
__end_of_I2C_2_Master_RepStart    text25       003812
__end_of_I2C_2_Master_Start       text24       003808
__end_of_I2C_2_Master_Stop        text23       0037FE
__end_of_I2C_2_Master_Write       text22       0037E8
__end_of_Interrupts_init          text43       0037F4
__end_of_Timer0_init              text42       0037DC
__end_of_White                    text28       002048
__end_of___fladd                  text13       001856
__end_of___fldiv                  text12       0023E2
__end_of___flge                   text8        002FA8
__end_of___flmul                  text11       001C80
__end_of___fltol                  text10       002EA4
__end_of___lwdiv                  text41       003306
__end_of___wmul                   text40       00375E
__end_of___xxtofl                 text9        00276A
__end_of__initialization          cinit        003776
__end_of_calibrateB               text18       00362E
__end_of_calibrateW               text17       0035E8
__end_of_color_click_init         text14       0036E6
__end_of_color_read_Blue          text21       00359E
__end_of_color_read_Clear         text3        0034AE
__end_of_color_read_Green         text20       00354E
__end_of_color_read_Red           text19       0034FE
__end_of_color_writetoaddr        text15       0037C0
__end_of_determine_color_new      text6        000D8E
__end_of_forward                  text38       00345E
__end_of_initDCmotorsPWM          text5        003670
__end_of_initUSART4               text4        0037A0
__end_of_isbtw                    text7        003292
__end_of_main                     text0        001396
__end_of_read_colours             text2        003368
__end_of_reverse                  text37       00340C
__end_of_reverseTurnLeft90        text34       00317E
__end_of_reverseTurnRight90       text32       003094
__end_of_setMotorPWM              text39       0025B6
__end_of_stop                     text36       003218
__end_of_turnLeft135              text31       002D9E
__end_of_turnLeft90               text35       0028AA
__end_of_turnRight135             text30       002C62
__end_of_turnRight180             text29       0029E8
__end_of_turnRight90              text33       002B26
__end_of_updateMovementCount      text1        0033BA
__initialization                  cinit        00375E
__mediumconst                     mediumconst  000000
__pbssBANK0                       bssBANK0     0000B8
__pbssBANK1                       bssBANK1     000100
__pcinit                          cinit        00375E
__pcstackBANK0                    cstackBANK0  000060
__pcstackCOMRAM                   cstackCOMRAM 000001
__pintcode                        intcode      000008
__ptext0                          text0        000D8E
__ptext1                          text1        003368
__ptext10                         text10       002D9E
__ptext11                         text11       001856
__ptext12                         text12       002048
__ptext13                         text13       001396
__ptext14                         text14       0036B2
__ptext15                         text15       0037A0
__ptext16                         text16       0036E6
__ptext17                         text17       00359E
__ptext18                         text18       0035E8
__ptext19                         text19       0034AE
__ptext2                          text2        003306
__ptext20                         text20       0034FE
__ptext21                         text21       00354E
__ptext22                         text22       0037DC
__ptext23                         text23       0037F4
__ptext24                         text24       0037FE
__ptext25                         text25       003808
__ptext26                         text26       003670
__ptext27                         text27       003710
__ptext28                         text28       001C80
__ptext29                         text29       0028AA
__ptext3                          text3        00345E
__ptext30                         text30       002B26
__ptext31                         text31       002C62
__ptext32                         text32       002FA8
__ptext33                         text33       0029E8
__ptext34                         text34       003094
__ptext35                         text35       00276A
__ptext36                         text36       00317E
__ptext37                         text37       0033BA
__ptext38                         text38       00340C
__ptext39                         text39       0023E2
__ptext4                          text4        003780
__ptext40                         text40       003738
__ptext41                         text41       003292
__ptext42                         text42       0037C0
__ptext43                         text43       0037E8
__ptext5                          text5        00362E
__ptext6                          text6        00002C
__ptext7                          text7        003218
__ptext8                          text8        002EA4
__ptext9                          text9        0025B6
__ramtop                          ramtop       000E00
__size_of_HighISR                 (abs)        000000
__size_of_I2C_2_Master_Idle       (abs)        000000
__size_of_I2C_2_Master_Init       (abs)        000000
__size_of_I2C_2_Master_Read       (abs)        000000
__size_of_I2C_2_Master_RepStart   (abs)        000000
__size_of_I2C_2_Master_Start      (abs)        000000
__size_of_I2C_2_Master_Stop       (abs)        000000
__size_of_I2C_2_Master_Write      (abs)        000000
__size_of_Interrupts_init         (abs)        000000
__size_of_Timer0_init             (abs)        000000
__size_of_White                   (abs)        000000
__size_of___fladd                 (abs)        000000
__size_of___fldiv                 (abs)        000000
__size_of___flge                  (abs)        000000
__size_of___flmul                 (abs)        000000
__size_of___fltol                 (abs)        000000
__size_of___lwdiv                 (abs)        000000
__size_of___wmul                  (abs)        000000
__size_of___xxtofl                (abs)        000000
__size_of_calibrateB              (abs)        000000
__size_of_calibrateW              (abs)        000000
__size_of_color_click_init        (abs)        000000
__size_of_color_read_Blue         (abs)        000000
__size_of_color_read_Clear        (abs)        000000
__size_of_color_read_Green        (abs)        000000
__size_of_color_read_Red          (abs)        000000
__size_of_color_writetoaddr       (abs)        000000
__size_of_determine_color_new     (abs)        000000
__size_of_forward                 (abs)        000000
__size_of_initDCmotorsPWM         (abs)        000000
__size_of_initUSART4              (abs)        000000
__size_of_isbtw                   (abs)        000000
__size_of_main                    (abs)        000000
__size_of_read_colours            (abs)        000000
__size_of_reverse                 (abs)        000000
__size_of_reverseTurnLeft90       (abs)        000000
__size_of_reverseTurnRight90      (abs)        000000
__size_of_setMotorPWM             (abs)        000000
__size_of_stop                    (abs)        000000
__size_of_turnLeft135             (abs)        000000
__size_of_turnLeft90              (abs)        000000
__size_of_turnRight135            (abs)        000000
__size_of_turnRight180            (abs)        000000
__size_of_turnRight90             (abs)        000000
__size_of_updateMovementCount     (abs)        000000
__smallconst                      smallconst   000000
_calibrateB                       text18       0035E8
_calibrateW                       text17       00359E
_color_click_init                 text14       0036B2
_color_read_Blue                  text21       00354E
_color_read_Clear                 text3        00345E
_color_read_Green                 text20       0034FE
_color_read_Red                   text19       0034AE
_color_writetoaddr                text15       0037A0
_determine_color_new              text6        00002C
_determine_color_new$2628         cstackBANK0  000068
_forward                          text38       00340C
_initDCmotorsPWM                  text5        00362E
_initUSART4                       text4        003780
_isbtw                            text7        003218
_main                             text0        000D8E
_movementArray                    bssBANK0     0000D2
_movements                        bssBANK0     0000CC
_read_colours                     text2        003306
_reverse                          text37       0033BA
_reverseTurnLeft90                text34       003094
_reverseTurnRight90               text32       002FA8
_setMotorPWM                      text39       0023E2
_stop                             text36       00317E
_timerArray                       bssBANK0     0000E6
_turnLeft135                      text31       002C62
_turnLeft90                       text35       00276A
_turnRight135                     text30       002B26
_turnRight180                     text29       0028AA
_turnRight90                      text33       0029E8
_updateMovementCount              text1        003368
btemp                             temp         00005F
calibrateB@m                      cstackCOMRAM 00000C
calibrateW@m                      cstackCOMRAM 00000C
color_read_Blue@tmp               cstackCOMRAM 00000A
color_read_Clear@tmp              cstackCOMRAM 00000A
color_read_Green@tmp              cstackCOMRAM 00000A
color_read_Red@tmp                cstackCOMRAM 00000A
color_writetoaddr@address         cstackCOMRAM 000004
color_writetoaddr@value           cstackCOMRAM 000003
determine_color_new@BlueRatio     cstackBANK0  000070
determine_color_new@GreenRatio    cstackBANK0  00006E
determine_color_new@RedRatio      cstackBANK0  00006C
determine_color_new@RelB          cstackBANK0  00007E
determine_color_new@RelG          cstackBANK0  00007A
determine_color_new@RelR          cstackBANK0  000076
determine_color_new@lumin         cstackBANK0  000074
determine_color_new@m             cstackCOMRAM 00005B
determine_color_new@out           cstackBANK0  000072
end_of_initialization             cinit        003776
forward@mL                        cstackCOMRAM 000019
forward@mR                        cstackCOMRAM 00001B
initDCmotorsPWM@PWMperiod         cstackCOMRAM 000001
int$flags                         temp         00005F
intlevel0                         text         000000
intlevel1                         text         000000
intlevel2                         text         000000
intlevel3                         text         000000
isa$std                           (abs)        000001
isa$xinst                         (abs)        000000
isbtw@high                        cstackCOMRAM 000015
isbtw@low                         cstackCOMRAM 000011
isbtw@num                         cstackCOMRAM 00000D
main@cal                          cstackBANK0  000082
main@check1                       cstackBANK0  000088
main@check2                       cstackBANK0  00008A
main@check3                       cstackBANK0  00008C
main@check4                       cstackBANK0  000084
main@count                        cstackBANK0  00008E
main@detected_colour              cstackBANK0  000090
main@motorL                       cstackBANK0  0000A6
main@motorR                       cstackBANK0  0000AF
main@reset_timer                  cstackBANK0  000086
main@test                         cstackBANK0  000092
read_colours@m                    cstackCOMRAM 00000C
reverse@mL                        cstackCOMRAM 000019
reverse@mR                        cstackCOMRAM 00001B
reverseTurnLeft90@mL              cstackCOMRAM 000025
reverseTurnLeft90@mR              cstackCOMRAM 000027
reverseTurnRight90@mL             cstackCOMRAM 000025
reverseTurnRight90@mR             cstackCOMRAM 000027
setMotorPWM@PWMduty               cstackCOMRAM 000017
setMotorPWM@m                     cstackCOMRAM 00000E
stackhi                           (abs)        000DE9
stacklo                           (abs)        00013C
start                             init         000028
start_initialization              cinit        00375E
stop@mL                           cstackCOMRAM 000019
stop@mR                           cstackCOMRAM 00001B
ttemp5                            temp         000060
ttemp6                            temp         000063
ttemp7                            temp         000067
turnLeft135@i                     cstackCOMRAM 000023
turnLeft135@mL                    cstackCOMRAM 00001D
turnLeft135@mR                    cstackCOMRAM 00001F
turnLeft90@i                      cstackCOMRAM 000023
turnLeft90@mL                     cstackCOMRAM 00001D
turnLeft90@mR                     cstackCOMRAM 00001F
turnRight135@i                    cstackCOMRAM 000023
turnRight135@mL                   cstackCOMRAM 00001D
turnRight135@mR                   cstackCOMRAM 00001F
turnRight180@i                    cstackCOMRAM 000023
turnRight180@mL                   cstackCOMRAM 00001D
turnRight180@mR                   cstackCOMRAM 00001F
turnRight90@i                     cstackCOMRAM 000023
turnRight90@mL                    cstackCOMRAM 00001D
turnRight90@mR                    cstackCOMRAM 00001F
updateMovementCount@movementArray cstackCOMRAM 000003
updateMovementCount@movementCode  cstackCOMRAM 000001
updateMovementCount@movements     cstackCOMRAM 000005
updateMovementCount@tempTimerVal  cstackCOMRAM 00000B
updateMovementCount@timerArray    cstackCOMRAM 000007
wtemp8                            temp         000060


MODULE INFORMATION

Module		Function		Class		Link	Load	Size
serial.c
		_initUSART4    		CODE           	3780	0000	32

serial.c estimated size: 32

C:\Program Files\Microchip\xc8\v2.32\pic\sources\c99\common\sprcadd.c
		___fladd       		CODE           	1396	0000	1216

C:\Program Files\Microchip\xc8\v2.32\pic\sources\c99\common\sprcadd.c estimated size: 1216

timers.c
		_Timer0_init   		CODE           	37C0	0000	28

timers.c estimated size: 28

color.c
		_read_colours  		CODE           	3306	0000	98
		_White         		CODE           	1C80	0000	968
		_color_writetoaddr		CODE           	37A0	0000	32
		_color_click_init		CODE           	36B2	0000	52
		_isbtw         		CODE           	3218	0000	122
		_color_read_Green		CODE           	34FE	0000	80
		_color_read_Clear		CODE           	345E	0000	80
		_color_read_Red		CODE           	34AE	0000	80
		_calibrateB    		CODE           	35E8	0000	70
		_calibrateW    		CODE           	359E	0000	74
		_updateMovementCount		CODE           	3368	0000	82
		_determine_color_new		CODE           	002C	0000	3426
		_color_read_Blue		CODE           	354E	0000	80

color.c estimated size: 5244

dc_motor.c
		_turnLeft90    		CODE           	276A	0000	320
		_turnLeft135   		CODE           	2C62	0000	316
		_stop          		CODE           	317E	0000	154
		_initDCmotorsPWM		CODE           	362E	0000	66
		_reverseTurnLeft90		CODE           	3094	0000	234
		_turnRight90   		CODE           	29E8	0000	318
		_turnRight180  		CODE           	28AA	0000	318
		_turnRight135  		CODE           	2B26	0000	316
		_forward       		CODE           	340C	0000	82
		_setMotorPWM   		CODE           	23E2	0000	468
		_reverseTurnRight90		CODE           	2FA8	0000	236
		_reverse       		CODE           	33BA	0000	82

dc_motor.c estimated size: 2910

interrupts.c
		_Interrupts_init		CODE           	37E8	0000	12
		_HighISR       		CODE           	0008	0000	32

interrupts.c estimated size: 44

i2c.c
		_I2C_2_Master_Start		CODE           	37FE	0000	10
		_I2C_2_Master_Read		CODE           	3670	0000	66
		_I2C_2_Master_Idle		CODE           	3710	0000	40
		_I2C_2_Master_Init		CODE           	36E6	0000	42
		_I2C_2_Master_Stop		CODE           	37F4	0000	10
		_I2C_2_Master_RepStart		CODE           	3808	0000	10
		_I2C_2_Master_Write		CODE           	37DC	0000	12

i2c.c estimated size: 190

C:\Program Files\Microchip\xc8\v2.32\pic\sources\c99\common\Umul16.c
		___wmul        		CODE           	3738	0000	38

C:\Program Files\Microchip\xc8\v2.32\pic\sources\c99\common\Umul16.c estimated size: 38

shared
		__initialization		CODE           	375E	0000	24

shared estimated size: 24

C:\Program Files\Microchip\xc8\v2.32\pic\sources\c99\common\sprcmul.c
		___flmul       		CODE           	1856	0000	1066

C:\Program Files\Microchip\xc8\v2.32\pic\sources\c99\common\sprcmul.c estimated size: 1066

C:\Program Files\Microchip\xc8\v2.32\pic\sources\c99\common\sprcdiv.c
		___fldiv       		CODE           	2048	0000	922

C:\Program Files\Microchip\xc8\v2.32\pic\sources\c99\common\sprcdiv.c estimated size: 922

C:\Program Files\Microchip\xc8\v2.32\pic\sources\c99\common\lwdiv.c
		___lwdiv       		CODE           	3292	0000	116

C:\Program Files\Microchip\xc8\v2.32\pic\sources\c99\common\lwdiv.c estimated size: 116

C:\Program Files\Microchip\xc8\v2.32\pic\sources\c99\common\fltol.c
		___fltol       		CODE           	2D9E	0000	262

C:\Program Files\Microchip\xc8\v2.32\pic\sources\c99\common\fltol.c estimated size: 262

C:\Program Files\Microchip\xc8\v2.32\pic\sources\c99\common\xxtofl.c
		___xxtofl      		CODE           	25B6	0000	436

C:\Program Files\Microchip\xc8\v2.32\pic\sources\c99\common\xxtofl.c estimated size: 436

main.c
		_main          		CODE           	0D8E	0000	1544

main.c estimated size: 1544

C:\Program Files\Microchip\xc8\v2.32\pic\sources\c99\common\flge.c
		___flge        		CODE           	2EA4	0000	260

C:\Program Files\Microchip\xc8\v2.32\pic\sources\c99\common\flge.c estimated size: 260

